Archive member included to satisfy reference by file (symbol)

c:/program files/stm32cubeide_1.6.1/stm32cubeide/plugins/com.st.stm32cube.ide.mcu.externaltools.gnu-tools-for-stm32.9-2020-q2-update.win32_1.5.0.202011040924/tools/bin/../lib/gcc/arm-none-eabi/9.3.1/../../../../arm-none-eabi/lib/thumb/v7e-m+fp/hard\libc_nano.a(lib_a-errno.o)
                              Core/Src/syscalls.o (__errno)
c:/program files/stm32cubeide_1.6.1/stm32cubeide/plugins/com.st.stm32cube.ide.mcu.externaltools.gnu-tools-for-stm32.9-2020-q2-update.win32_1.5.0.202011040924/tools/bin/../lib/gcc/arm-none-eabi/9.3.1/../../../../arm-none-eabi/lib/thumb/v7e-m+fp/hard\libc_nano.a(lib_a-exit.o)
                              c:/program files/stm32cubeide_1.6.1/stm32cubeide/plugins/com.st.stm32cube.ide.mcu.externaltools.gnu-tools-for-stm32.9-2020-q2-update.win32_1.5.0.202011040924/tools/bin/../lib/gcc/arm-none-eabi/9.3.1/../../../../arm-none-eabi/lib/thumb/v7e-m+fp/hard/crt0.o (exit)
c:/program files/stm32cubeide_1.6.1/stm32cubeide/plugins/com.st.stm32cube.ide.mcu.externaltools.gnu-tools-for-stm32.9-2020-q2-update.win32_1.5.0.202011040924/tools/bin/../lib/gcc/arm-none-eabi/9.3.1/../../../../arm-none-eabi/lib/thumb/v7e-m+fp/hard\libc_nano.a(lib_a-impure.o)
                              c:/program files/stm32cubeide_1.6.1/stm32cubeide/plugins/com.st.stm32cube.ide.mcu.externaltools.gnu-tools-for-stm32.9-2020-q2-update.win32_1.5.0.202011040924/tools/bin/../lib/gcc/arm-none-eabi/9.3.1/../../../../arm-none-eabi/lib/thumb/v7e-m+fp/hard\libc_nano.a(lib_a-exit.o) (_global_impure_ptr)
c:/program files/stm32cubeide_1.6.1/stm32cubeide/plugins/com.st.stm32cube.ide.mcu.externaltools.gnu-tools-for-stm32.9-2020-q2-update.win32_1.5.0.202011040924/tools/bin/../lib/gcc/arm-none-eabi/9.3.1/../../../../arm-none-eabi/lib/thumb/v7e-m+fp/hard\libc_nano.a(lib_a-init.o)
                              c:/program files/stm32cubeide_1.6.1/stm32cubeide/plugins/com.st.stm32cube.ide.mcu.externaltools.gnu-tools-for-stm32.9-2020-q2-update.win32_1.5.0.202011040924/tools/bin/../lib/gcc/arm-none-eabi/9.3.1/../../../../arm-none-eabi/lib/thumb/v7e-m+fp/hard/crt0.o (__libc_init_array)
c:/program files/stm32cubeide_1.6.1/stm32cubeide/plugins/com.st.stm32cube.ide.mcu.externaltools.gnu-tools-for-stm32.9-2020-q2-update.win32_1.5.0.202011040924/tools/bin/../lib/gcc/arm-none-eabi/9.3.1/../../../../arm-none-eabi/lib/thumb/v7e-m+fp/hard\libc_nano.a(lib_a-memset.o)
                              c:/program files/stm32cubeide_1.6.1/stm32cubeide/plugins/com.st.stm32cube.ide.mcu.externaltools.gnu-tools-for-stm32.9-2020-q2-update.win32_1.5.0.202011040924/tools/bin/../lib/gcc/arm-none-eabi/9.3.1/../../../../arm-none-eabi/lib/thumb/v7e-m+fp/hard/crt0.o (memset)

Allocating common symbols
Common symbol       size              file

CountO              0x4               Core/Src/main.o
Stacks              0x960             OS/os.o
hi2c1               0x4c              Core/Src/main.o
LostData            0x4               OS/os.o
CountR              0x4               Core/Src/main.o
uwTick              0x4               Drivers/STM32F3xx_HAL_Driver/Src/stm32f3xx_hal.o
pFlash              0x20              Drivers/STM32F3xx_HAL_Driver/Src/stm32f3xx_hal_flash.o
sCD                 0x4               Core/Src/main.o
PutI                0x4               OS/os.o
CurrentSize         0x4               OS/os.o
TaskNexpected       0x4               Core/Src/main.o
TaskNLostData       0x4               Core/Src/main.o
CountE              0x4               Core/Src/main.o
CountB              0x4               Core/Src/main.o
sAB                 0x4               Core/Src/main.o
sEF                 0x4               Core/Src/main.o
TaskMdata           0x4               Core/Src/main.o
tcbs                0x60              OS/os.o
TaskNactual         0x4               Core/Src/main.o
CountD              0x4               Core/Src/main.o
CountP              0x4               Core/Src/main.o
hspi1               0x64              Core/Src/main.o
CountA              0x4               Core/Src/main.o
GetI                0x4               OS/os.o
huart2              0x84              Core/Src/main.o
CountF              0x4               Core/Src/main.o
CountQ              0x4               Core/Src/main.o
Fifo                0x28              OS/os.o
hpcd_USB_FS         0x2ec             Core/Src/main.o
RunPt               0x4               OS/os.o
CountC              0x4               Core/Src/main.o

Discarded input sections

 .text          0x0000000000000000        0x0 c:/program files/stm32cubeide_1.6.1/stm32cubeide/plugins/com.st.stm32cube.ide.mcu.externaltools.gnu-tools-for-stm32.9-2020-q2-update.win32_1.5.0.202011040924/tools/bin/../lib/gcc/arm-none-eabi/9.3.1/thumb/v7e-m+fp/hard/crti.o
[...]
Memory Configuration

Name             Origin             Length             Attributes
CCMRAM           0x0000000010000000 0x0000000000002000 xrw
RAM              0x0000000020000000 0x000000000000a000 xrw
FLASH            0x0000000008000000 0x0000000000040000 xr
*default*        0x0000000000000000 0xffffffffffffffff

Linker script and memory map

LOAD c:/program files/stm32cubeide_1.6.1/stm32cubeide/plugins/com.st.stm32cube.ide.mcu.externaltools.gnu-tools-for-stm32.9-2020-q2-update.win32_1.5.0.202011040924/tools/bin/../lib/gcc/arm-none-eabi/9.3.1/thumb/v7e-m+fp/hard/crti.o
LOAD c:/program files/stm32cubeide_1.6.1/stm32cubeide/plugins/com.st.stm32cube.ide.mcu.externaltools.gnu-tools-for-stm32.9-2020-q2-update.win32_1.5.0.202011040924/tools/bin/../lib/gcc/arm-none-eabi/9.3.1/thumb/v7e-m+fp/hard/crtbegin.o
LOAD c:/program files/stm32cubeide_1.6.1/stm32cubeide/plugins/com.st.stm32cube.ide.mcu.externaltools.gnu-tools-for-stm32.9-2020-q2-update.win32_1.5.0.202011040924/tools/bin/../lib/gcc/arm-none-eabi/9.3.1/../../../../arm-none-eabi/lib/thumb/v7e-m+fp/hard/crt0.o
LOAD Core/Src/main.o
LOAD Core/Src/stm32f3xx_hal_msp.o
LOAD Core/Src/stm32f3xx_it.o
LOAD Core/Src/syscalls.o
LOAD Core/Src/sysmem.o
LOAD Core/Src/system_stm32f3xx.o
LOAD Core/Startup/startup_stm32f303vctx.o
LOAD Drivers/STM32F3xx_HAL_Driver/Src/stm32f3xx_hal.o
LOAD Drivers/STM32F3xx_HAL_Driver/Src/stm32f3xx_hal_cortex.o
LOAD Drivers/STM32F3xx_HAL_Driver/Src/stm32f3xx_hal_dma.o
LOAD Drivers/STM32F3xx_HAL_Driver/Src/stm32f3xx_hal_exti.o
LOAD Drivers/STM32F3xx_HAL_Driver/Src/stm32f3xx_hal_flash.o
LOAD Drivers/STM32F3xx_HAL_Driver/Src/stm32f3xx_hal_flash_ex.o
LOAD Drivers/STM32F3xx_HAL_Driver/Src/stm32f3xx_hal_gpio.o
LOAD Drivers/STM32F3xx_HAL_Driver/Src/stm32f3xx_hal_i2c.o
LOAD Drivers/STM32F3xx_HAL_Driver/Src/stm32f3xx_hal_i2c_ex.o
LOAD Drivers/STM32F3xx_HAL_Driver/Src/stm32f3xx_hal_pcd.o
LOAD Drivers/STM32F3xx_HAL_Driver/Src/stm32f3xx_hal_pcd_ex.o
LOAD Drivers/STM32F3xx_HAL_Driver/Src/stm32f3xx_hal_pwr.o
LOAD Drivers/STM32F3xx_HAL_Driver/Src/stm32f3xx_hal_pwr_ex.o
LOAD Drivers/STM32F3xx_HAL_Driver/Src/stm32f3xx_hal_rcc.o
LOAD Drivers/STM32F3xx_HAL_Driver/Src/stm32f3xx_hal_rcc_ex.o
LOAD Drivers/STM32F3xx_HAL_Driver/Src/stm32f3xx_hal_spi.o
LOAD Drivers/STM32F3xx_HAL_Driver/Src/stm32f3xx_hal_spi_ex.o
LOAD Drivers/STM32F3xx_HAL_Driver/Src/stm32f3xx_hal_tim.o
LOAD Drivers/STM32F3xx_HAL_Driver/Src/stm32f3xx_hal_tim_ex.o
LOAD Drivers/STM32F3xx_HAL_Driver/Src/stm32f3xx_hal_uart.o
LOAD Drivers/STM32F3xx_HAL_Driver/Src/stm32f3xx_hal_uart_ex.o
LOAD Drivers/STM32F3xx_HAL_Driver/Src/stm32f3xx_ll_usb.o
LOAD OS/os.o
LOAD OS/osasm.o
START GROUP
LOAD c:/program files/stm32cubeide_1.6.1/stm32cubeide/plugins/com.st.stm32cube.ide.mcu.externaltools.gnu-tools-for-stm32.9-2020-q2-update.win32_1.5.0.202011040924/tools/bin/../lib/gcc/arm-none-eabi/9.3.1/../../../../arm-none-eabi/lib/thumb/v7e-m+fp/hard\libc_nano.a
LOAD c:/program files/stm32cubeide_1.6.1/stm32cubeide/plugins/com.st.stm32cube.ide.mcu.externaltools.gnu-tools-for-stm32.9-2020-q2-update.win32_1.5.0.202011040924/tools/bin/../lib/gcc/arm-none-eabi/9.3.1/../../../../arm-none-eabi/lib/thumb/v7e-m+fp/hard\libm.a
END GROUP
START GROUP
LOAD c:/program files/stm32cubeide_1.6.1/stm32cubeide/plugins/com.st.stm32cube.ide.mcu.externaltools.gnu-tools-for-stm32.9-2020-q2-update.win32_1.5.0.202011040924/tools/bin/../lib/gcc/arm-none-eabi/9.3.1/thumb/v7e-m+fp/hard\libgcc.a
LOAD c:/program files/stm32cubeide_1.6.1/stm32cubeide/plugins/com.st.stm32cube.ide.mcu.externaltools.gnu-tools-for-stm32.9-2020-q2-update.win32_1.5.0.202011040924/tools/bin/../lib/gcc/arm-none-eabi/9.3.1/../../../../arm-none-eabi/lib/thumb/v7e-m+fp/hard\libc_nano.a
END GROUP
START GROUP
LOAD c:/program files/stm32cubeide_1.6.1/stm32cubeide/plugins/com.st.stm32cube.ide.mcu.externaltools.gnu-tools-for-stm32.9-2020-q2-update.win32_1.5.0.202011040924/tools/bin/../lib/gcc/arm-none-eabi/9.3.1/thumb/v7e-m+fp/hard\libgcc.a
LOAD c:/program files/stm32cubeide_1.6.1/stm32cubeide/plugins/com.st.stm32cube.ide.mcu.externaltools.gnu-tools-for-stm32.9-2020-q2-update.win32_1.5.0.202011040924/tools/bin/../lib/gcc/arm-none-eabi/9.3.1/../../../../arm-none-eabi/lib/thumb/v7e-m+fp/hard\libc_nano.a
LOAD c:/program files/stm32cubeide_1.6.1/stm32cubeide/plugins/com.st.stm32cube.ide.mcu.externaltools.gnu-tools-for-stm32.9-2020-q2-update.win32_1.5.0.202011040924/tools/bin/../lib/gcc/arm-none-eabi/9.3.1/../../../../arm-none-eabi/lib/thumb/v7e-m+fp/hard\libnosys.a
END GROUP
START GROUP
LOAD c:/program files/stm32cubeide_1.6.1/stm32cubeide/plugins/com.st.stm32cube.ide.mcu.externaltools.gnu-tools-for-stm32.9-2020-q2-update.win32_1.5.0.202011040924/tools/bin/../lib/gcc/arm-none-eabi/9.3.1/thumb/v7e-m+fp/hard\libgcc.a
LOAD c:/program files/stm32cubeide_1.6.1/stm32cubeide/plugins/com.st.stm32cube.ide.mcu.externaltools.gnu-tools-for-stm32.9-2020-q2-update.win32_1.5.0.202011040924/tools/bin/../lib/gcc/arm-none-eabi/9.3.1/../../../../arm-none-eabi/lib/thumb/v7e-m+fp/hard\libc_nano.a
LOAD c:/program files/stm32cubeide_1.6.1/stm32cubeide/plugins/com.st.stm32cube.ide.mcu.externaltools.gnu-tools-for-stm32.9-2020-q2-update.win32_1.5.0.202011040924/tools/bin/../lib/gcc/arm-none-eabi/9.3.1/../../../../arm-none-eabi/lib/thumb/v7e-m+fp/hard\libnosys.a
END GROUP
LOAD c:/program files/stm32cubeide_1.6.1/stm32cubeide/plugins/com.st.stm32cube.ide.mcu.externaltools.gnu-tools-for-stm32.9-2020-q2-update.win32_1.5.0.202011040924/tools/bin/../lib/gcc/arm-none-eabi/9.3.1/thumb/v7e-m+fp/hard/crtend.o
LOAD c:/program files/stm32cubeide_1.6.1/stm32cubeide/plugins/com.st.stm32cube.ide.mcu.externaltools.gnu-tools-for-stm32.9-2020-q2-update.win32_1.5.0.202011040924/tools/bin/../lib/gcc/arm-none-eabi/9.3.1/thumb/v7e-m+fp/hard/crtn.o
                0x000000002000a000                _estack = (ORIGIN (RAM) + LENGTH (RAM))
                0x0000000000000200                _Min_Heap_Size = 0x200
                0x0000000000000400                _Min_Stack_Size = 0x400

.isr_vector     0x0000000008000000      0x188
                0x0000000008000000                . = ALIGN (0x4)
 *(.isr_vector)
 .isr_vector    0x0000000008000000      0x188 Core/Startup/startup_stm32f303vctx.o
                0x0000000008000000                g_pfnVectors
                0x0000000008000188                . = ALIGN (0x4)

.text           0x0000000008000188     0x3d9c
                0x0000000008000188                . = ALIGN (0x4)
 *(.text)
 .text          0x0000000008000188       0x40 c:/program files/stm32cubeide_1.6.1/stm32cubeide/plugins/com.st.stm32cube.ide.mcu.externaltools.gnu-tools-for-stm32.9-2020-q2-update.win32_1.5.0.202011040924/tools/bin/../lib/gcc/arm-none-eabi/9.3.1/thumb/v7e-m+fp/hard/crtbegin.o
 *(.text*)
 .text.TaskM    0x00000000080001c8       0x60 Core/Src/main.o
                0x00000000080001c8                TaskM
 .text.TaskN    0x0000000008000228       0x54 Core/Src/main.o
                0x0000000008000228                TaskN
 .text.TaskO    0x000000000800027c       0x20 Core/Src/main.o
                0x000000000800027c                TaskO
 .text.TaskP    0x000000000800029c       0x20 Core/Src/main.o
                0x000000000800029c                TaskP
 .text.TaskQ    0x00000000080002bc       0x20 Core/Src/main.o
                0x00000000080002bc                TaskQ
 .text.TaskR    0x00000000080002dc       0x1c Core/Src/main.o
                0x00000000080002dc                TaskR
 .text.main     0x00000000080002f8       0x98 Core/Src/main.o
                0x00000000080002f8                main
 .text.SystemClock_Config
                0x0000000008000390       0xc4 Core/Src/main.o
                0x0000000008000390                SystemClock_Config
 .text.MX_I2C1_Init
                0x0000000008000454       0x80 Core/Src/main.o
 .text.MX_SPI1_Init
                0x00000000080004d4       0x7c Core/Src/main.o
 .text.MX_USART2_UART_Init
                0x0000000008000550       0x60 Core/Src/main.o
 .text.MX_USB_PCD_Init
                0x00000000080005b0       0x44 Core/Src/main.o
 .text.MX_GPIO_Init
                0x00000000080005f4      0x100 Core/Src/main.o
 .text.Error_Handler
                0x00000000080006f4        0xe Core/Src/main.o
                0x00000000080006f4                Error_Handler
 *fill*         0x0000000008000702        0x2 
 .text.HAL_MspInit
                0x0000000008000704       0x48 Core/Src/stm32f3xx_hal_msp.o
                0x0000000008000704                HAL_MspInit
 .text.HAL_I2C_MspInit
                0x000000000800074c       0x88 Core/Src/stm32f3xx_hal_msp.o
                0x000000000800074c                HAL_I2C_MspInit
 .text.HAL_SPI_MspInit
                0x00000000080007d4       0x84 Core/Src/stm32f3xx_hal_msp.o
                0x00000000080007d4                HAL_SPI_MspInit
 .text.HAL_UART_MspInit
                0x0000000008000858       0x94 Core/Src/stm32f3xx_hal_msp.o
                0x0000000008000858                HAL_UART_MspInit
 .text.HAL_PCD_MspInit
                0x00000000080008ec       0x88 Core/Src/stm32f3xx_hal_msp.o
                0x00000000080008ec                HAL_PCD_MspInit
 .text.NMI_Handler
                0x0000000008000974        0xe Core/Src/stm32f3xx_it.o
                0x0000000008000974                NMI_Handler
 .text.HardFault_Handler
                0x0000000008000982        0x6 Core/Src/stm32f3xx_it.o
                0x0000000008000982                HardFault_Handler
 .text.MemManage_Handler
                0x0000000008000988        0x6 Core/Src/stm32f3xx_it.o
                0x0000000008000988                MemManage_Handler
 .text.BusFault_Handler
                0x000000000800098e        0x6 Core/Src/stm32f3xx_it.o
                0x000000000800098e                BusFault_Handler
 .text.UsageFault_Handler
                0x0000000008000994        0x6 Core/Src/stm32f3xx_it.o
                0x0000000008000994                UsageFault_Handler
 .text.SVC_Handler
                0x000000000800099a        0xe Core/Src/stm32f3xx_it.o
                0x000000000800099a                SVC_Handler
 .text.DebugMon_Handler
                0x00000000080009a8        0xe Core/Src/stm32f3xx_it.o
                0x00000000080009a8                DebugMon_Handler
 .text.PendSV_Handler
                0x00000000080009b6        0xe Core/Src/stm32f3xx_it.o
                0x00000000080009b6                PendSV_Handler
 .text.USART2_IRQHandler
                0x00000000080009c4       0x14 Core/Src/stm32f3xx_it.o
                0x00000000080009c4                USART2_IRQHandler
 .text.SystemInit
                0x00000000080009d8       0x24 Core/Src/system_stm32f3xx.o
                0x00000000080009d8                SystemInit
 .text.Reset_Handler
                0x00000000080009fc       0x50 Core/Startup/startup_stm32f303vctx.o
                0x00000000080009fc                Reset_Handler
 .text.Default_Handler
                0x0000000008000a4c        0x2 Core/Startup/startup_stm32f303vctx.o
                0x0000000008000a4c                RTC_Alarm_IRQHandler
                0x0000000008000a4c                TIM8_TRG_COM_IRQHandler
                0x0000000008000a4c                TIM8_CC_IRQHandler
                0x0000000008000a4c                TIM1_CC_IRQHandler
                0x0000000008000a4c                USB_HP_IRQHandler
                0x0000000008000a4c                PVD_IRQHandler
                0x0000000008000a4c                TAMP_STAMP_IRQHandler
                0x0000000008000a4c                EXTI3_IRQHandler
                0x0000000008000a4c                USB_HP_CAN_TX_IRQHandler
                0x0000000008000a4c                EXTI0_IRQHandler
                0x0000000008000a4c                I2C2_EV_IRQHandler
                0x0000000008000a4c                FPU_IRQHandler
                0x0000000008000a4c                TIM1_UP_TIM16_IRQHandler
                0x0000000008000a4c                ADC1_2_IRQHandler
                0x0000000008000a4c                SPI1_IRQHandler
                0x0000000008000a4c                CAN_SCE_IRQHandler
                0x0000000008000a4c                TIM6_DAC_IRQHandler
                0x0000000008000a4c                TIM8_UP_IRQHandler
                0x0000000008000a4c                DMA2_Channel2_IRQHandler
                0x0000000008000a4c                DMA1_Channel4_IRQHandler
                0x0000000008000a4c                USART3_IRQHandler
                0x0000000008000a4c                DMA1_Channel7_IRQHandler
                0x0000000008000a4c                UART5_IRQHandler
                0x0000000008000a4c                ADC3_IRQHandler
                0x0000000008000a4c                TIM4_IRQHandler
                0x0000000008000a4c                CAN_RX1_IRQHandler
                0x0000000008000a4c                DMA2_Channel1_IRQHandler
                0x0000000008000a4c                I2C1_EV_IRQHandler
                0x0000000008000a4c                DMA1_Channel6_IRQHandler
                0x0000000008000a4c                UART4_IRQHandler
                0x0000000008000a4c                DMA2_Channel4_IRQHandler
                0x0000000008000a4c                TIM3_IRQHandler
                0x0000000008000a4c                RCC_IRQHandler
                0x0000000008000a4c                DMA1_Channel1_IRQHandler
                0x0000000008000a4c                Default_Handler
                0x0000000008000a4c                USBWakeUp_RMP_IRQHandler
                0x0000000008000a4c                EXTI15_10_IRQHandler
                0x0000000008000a4c                TIM7_IRQHandler
                0x0000000008000a4c                EXTI9_5_IRQHandler
                0x0000000008000a4c                RTC_WKUP_IRQHandler
                0x0000000008000a4c                SPI2_IRQHandler
                0x0000000008000a4c                USB_LP_CAN_RX0_IRQHandler
                0x0000000008000a4c                DMA2_Channel5_IRQHandler
                0x0000000008000a4c                DMA1_Channel5_IRQHandler
                0x0000000008000a4c                USB_LP_IRQHandler
                0x0000000008000a4c                EXTI4_IRQHandler
                0x0000000008000a4c                TIM1_TRG_COM_TIM17_IRQHandler
                0x0000000008000a4c                DMA1_Channel3_IRQHandler
                0x0000000008000a4c                ADC4_IRQHandler
                0x0000000008000a4c                WWDG_IRQHandler
                0x0000000008000a4c                TIM2_IRQHandler
                0x0000000008000a4c                COMP7_IRQHandler
                0x0000000008000a4c                COMP1_2_3_IRQHandler
                0x0000000008000a4c                EXTI1_IRQHandler
                0x0000000008000a4c                COMP4_5_6_IRQHandler
                0x0000000008000a4c                I2C2_ER_IRQHandler
                0x0000000008000a4c                DMA1_Channel2_IRQHandler
                0x0000000008000a4c                TIM8_BRK_IRQHandler
                0x0000000008000a4c                FLASH_IRQHandler
                0x0000000008000a4c                USART1_IRQHandler
                0x0000000008000a4c                SPI3_IRQHandler
                0x0000000008000a4c                I2C1_ER_IRQHandler
                0x0000000008000a4c                USBWakeUp_IRQHandler
                0x0000000008000a4c                DMA2_Channel3_IRQHandler
                0x0000000008000a4c                EXTI2_TSC_IRQHandler
                0x0000000008000a4c                TIM1_BRK_TIM15_IRQHandler
 *fill*         0x0000000008000a4e        0x2 
 .text.HAL_Init
                0x0000000008000a50       0x24 Drivers/STM32F3xx_HAL_Driver/Src/stm32f3xx_hal.o
                0x0000000008000a50                HAL_Init
 .text.HAL_InitTick
                0x0000000008000a74       0x60 Drivers/STM32F3xx_HAL_Driver/Src/stm32f3xx_hal.o
                0x0000000008000a74                HAL_InitTick
 .text.HAL_GetTick
                0x0000000008000ad4       0x18 Drivers/STM32F3xx_HAL_Driver/Src/stm32f3xx_hal.o
                0x0000000008000ad4                HAL_GetTick
 .text.__NVIC_SetPriorityGrouping
                0x0000000008000aec       0x48 Drivers/STM32F3xx_HAL_Driver/Src/stm32f3xx_hal_cortex.o
 .text.__NVIC_GetPriorityGrouping
                0x0000000008000b34       0x1c Drivers/STM32F3xx_HAL_Driver/Src/stm32f3xx_hal_cortex.o
 .text.__NVIC_EnableIRQ
                0x0000000008000b50       0x3c Drivers/STM32F3xx_HAL_Driver/Src/stm32f3xx_hal_cortex.o
 .text.__NVIC_SetPriority
                0x0000000008000b8c       0x54 Drivers/STM32F3xx_HAL_Driver/Src/stm32f3xx_hal_cortex.o
 .text.NVIC_EncodePriority
                0x0000000008000be0       0x66 Drivers/STM32F3xx_HAL_Driver/Src/stm32f3xx_hal_cortex.o
 *fill*         0x0000000008000c46        0x2 
 .text.SysTick_Config
                0x0000000008000c48       0x44 Drivers/STM32F3xx_HAL_Driver/Src/stm32f3xx_hal_cortex.o
 .text.HAL_NVIC_SetPriorityGrouping
                0x0000000008000c8c       0x16 Drivers/STM32F3xx_HAL_Driver/Src/stm32f3xx_hal_cortex.o
                0x0000000008000c8c                HAL_NVIC_SetPriorityGrouping
 .text.HAL_NVIC_SetPriority
                0x0000000008000ca2       0x38 Drivers/STM32F3xx_HAL_Driver/Src/stm32f3xx_hal_cortex.o
                0x0000000008000ca2                HAL_NVIC_SetPriority
 .text.HAL_NVIC_EnableIRQ
                0x0000000008000cda       0x1c Drivers/STM32F3xx_HAL_Driver/Src/stm32f3xx_hal_cortex.o
                0x0000000008000cda                HAL_NVIC_EnableIRQ
 .text.HAL_SYSTICK_Config
                0x0000000008000cf6       0x18 Drivers/STM32F3xx_HAL_Driver/Src/stm32f3xx_hal_cortex.o
                0x0000000008000cf6                HAL_SYSTICK_Config
 .text.HAL_DMA_Abort
                0x0000000008000d0e       0x72 Drivers/STM32F3xx_HAL_Driver/Src/stm32f3xx_hal_dma.o
                0x0000000008000d0e                HAL_DMA_Abort
 .text.HAL_DMA_Abort_IT
                0x0000000008000d80       0x7c Drivers/STM32F3xx_HAL_Driver/Src/stm32f3xx_hal_dma.o
                0x0000000008000d80                HAL_DMA_Abort_IT
 .text.HAL_GPIO_Init
                0x0000000008000dfc      0x2f4 Drivers/STM32F3xx_HAL_Driver/Src/stm32f3xx_hal_gpio.o
                0x0000000008000dfc                HAL_GPIO_Init
 .text.HAL_GPIO_WritePin
                0x00000000080010f0       0x30 Drivers/STM32F3xx_HAL_Driver/Src/stm32f3xx_hal_gpio.o
                0x00000000080010f0                HAL_GPIO_WritePin
 .text.HAL_I2C_Init
                0x0000000008001120      0x11e Drivers/STM32F3xx_HAL_Driver/Src/stm32f3xx_hal_i2c.o
                0x0000000008001120                HAL_I2C_Init
 .text.HAL_I2CEx_ConfigAnalogFilter
                0x000000000800123e       0x96 Drivers/STM32F3xx_HAL_Driver/Src/stm32f3xx_hal_i2c_ex.o
                0x000000000800123e                HAL_I2CEx_ConfigAnalogFilter
 .text.HAL_I2CEx_ConfigDigitalFilter
                0x00000000080012d4       0x98 Drivers/STM32F3xx_HAL_Driver/Src/stm32f3xx_hal_i2c_ex.o
                0x00000000080012d4                HAL_I2CEx_ConfigDigitalFilter
 .text.HAL_PCD_Init
                0x000000000800136c      0x1bc Drivers/STM32F3xx_HAL_Driver/Src/stm32f3xx_hal_pcd.o
                0x000000000800136c                HAL_PCD_Init
 .text.HAL_RCC_OscConfig
                0x0000000008001528      0xe10 Drivers/STM32F3xx_HAL_Driver/Src/stm32f3xx_hal_rcc.o
                0x0000000008001528                HAL_RCC_OscConfig
 .text.HAL_RCC_ClockConfig
                0x0000000008002338      0x2f8 Drivers/STM32F3xx_HAL_Driver/Src/stm32f3xx_hal_rcc.o
                0x0000000008002338                HAL_RCC_ClockConfig
 .text.HAL_RCC_GetSysClockFreq
                0x0000000008002630       0xd4 Drivers/STM32F3xx_HAL_Driver/Src/stm32f3xx_hal_rcc.o
                0x0000000008002630                HAL_RCC_GetSysClockFreq
 .text.HAL_RCC_GetHCLKFreq
                0x0000000008002704       0x18 Drivers/STM32F3xx_HAL_Driver/Src/stm32f3xx_hal_rcc.o
                0x0000000008002704                HAL_RCC_GetHCLKFreq
 .text.HAL_RCC_GetPCLK1Freq
                0x000000000800271c       0x44 Drivers/STM32F3xx_HAL_Driver/Src/stm32f3xx_hal_rcc.o
                0x000000000800271c                HAL_RCC_GetPCLK1Freq
 .text.HAL_RCC_GetPCLK2Freq
                0x0000000008002760       0x44 Drivers/STM32F3xx_HAL_Driver/Src/stm32f3xx_hal_rcc.o
                0x0000000008002760                HAL_RCC_GetPCLK2Freq
 .text.HAL_RCCEx_PeriphCLKConfig
                0x00000000080027a4      0x360 Drivers/STM32F3xx_HAL_Driver/Src/stm32f3xx_hal_rcc_ex.o
                0x00000000080027a4                HAL_RCCEx_PeriphCLKConfig
 .text.HAL_SPI_Init
                0x0000000008002b04      0x156 Drivers/STM32F3xx_HAL_Driver/Src/stm32f3xx_hal_spi.o
                0x0000000008002b04                HAL_SPI_Init
 .text.HAL_UART_Init
                0x0000000008002c5a       0x9c Drivers/STM32F3xx_HAL_Driver/Src/stm32f3xx_hal_uart.o
                0x0000000008002c5a                HAL_UART_Init
 *fill*         0x0000000008002cf6        0x2 
 .text.HAL_UART_IRQHandler
                0x0000000008002cf8      0x400 Drivers/STM32F3xx_HAL_Driver/Src/stm32f3xx_hal_uart.o
                0x0000000008002cf8                HAL_UART_IRQHandler
 .text.HAL_UART_TxCpltCallback
                0x00000000080030f8       0x14 Drivers/STM32F3xx_HAL_Driver/Src/stm32f3xx_hal_uart.o
                0x00000000080030f8                HAL_UART_TxCpltCallback
 .text.HAL_UART_ErrorCallback
                0x000000000800310c       0x14 Drivers/STM32F3xx_HAL_Driver/Src/stm32f3xx_hal_uart.o
                0x000000000800310c                HAL_UART_ErrorCallback
 .text.HAL_UARTEx_RxEventCallback
                0x0000000008003120       0x18 Drivers/STM32F3xx_HAL_Driver/Src/stm32f3xx_hal_uart.o
                0x0000000008003120                HAL_UARTEx_RxEventCallback
 .text.UART_SetConfig
                0x0000000008003138      0x3a8 Drivers/STM32F3xx_HAL_Driver/Src/stm32f3xx_hal_uart.o
                0x0000000008003138                UART_SetConfig
 .text.UART_AdvFeatureConfig
                0x00000000080034e0      0x144 Drivers/STM32F3xx_HAL_Driver/Src/stm32f3xx_hal_uart.o
                0x00000000080034e0                UART_AdvFeatureConfig
 .text.UART_CheckIdleState
                0x0000000008003624       0x92 Drivers/STM32F3xx_HAL_Driver/Src/stm32f3xx_hal_uart.o
                0x0000000008003624                UART_CheckIdleState
 .text.UART_WaitOnFlagUntilTimeout
                0x00000000080036b6       0xf8 Drivers/STM32F3xx_HAL_Driver/Src/stm32f3xx_hal_uart.o
                0x00000000080036b6                UART_WaitOnFlagUntilTimeout
 .text.UART_EndRxTransfer
                0x00000000080037ae       0x5e Drivers/STM32F3xx_HAL_Driver/Src/stm32f3xx_hal_uart.o
 .text.UART_DMAAbortOnError
                0x000000000800380c       0x2c Drivers/STM32F3xx_HAL_Driver/Src/stm32f3xx_hal_uart.o
 .text.UART_EndTransmit_IT
                0x0000000008003838       0x32 Drivers/STM32F3xx_HAL_Driver/Src/stm32f3xx_hal_uart.o
 .text.HAL_UARTEx_WakeupCallback
                0x000000000800386a       0x14 Drivers/STM32F3xx_HAL_Driver/Src/stm32f3xx_hal_uart_ex.o
                0x000000000800386a                HAL_UARTEx_WakeupCallback
 .text.USB_DisableGlobalInt
                0x000000000800387e       0x36 Drivers/STM32F3xx_HAL_Driver/Src/stm32f3xx_ll_usb.o
                0x000000000800387e                USB_DisableGlobalInt
 .text.USB_DevInit
                0x00000000080038b4       0x42 Drivers/STM32F3xx_HAL_Driver/Src/stm32f3xx_ll_usb.o
                0x00000000080038b4                USB_DevInit
 *fill*         0x00000000080038f6        0x2 
 .text.__NVIC_SetPriority
                0x00000000080038f8       0x54 OS/os.o
 .text.SysTick_Config
                0x000000000800394c       0x44 OS/os.o
 .text.OS_Init  0x0000000008003990       0x12 OS/os.o
                0x0000000008003990                OS_Init
 *fill*         0x00000000080039a2        0x2 
 .text.SetInitialStack
                0x00000000080039a4      0x1a0 OS/os.o
                0x00000000080039a4                SetInitialStack
 .text.OS_AddThreads
                0x0000000008003b44       0xe0 OS/os.o
                0x0000000008003b44                OS_AddThreads
 .text.OS_Launch
                0x0000000008003c24       0x1a OS/os.o
                0x0000000008003c24                OS_Launch
 *fill*         0x0000000008003c3e        0x2 
 .text.Scheduler
                0x0000000008003c40       0x40 OS/os.o
                0x0000000008003c40                Scheduler
 .text.OS_Suspend
                0x0000000008003c80       0x24 OS/os.o
                0x0000000008003c80                OS_Suspend
 .text.OS_Sleep
                0x0000000008003ca4       0x14 OS/os.o
                0x0000000008003ca4                OS_Sleep
 .text.OS_InitSemaphore
                0x0000000008003cb8       0x1c OS/os.o
                0x0000000008003cb8                OS_InitSemaphore
 .text.OS_Wait  0x0000000008003cd4       0x40 OS/os.o
                0x0000000008003cd4                OS_Wait
 .text.OS_Signal
                0x0000000008003d14       0x54 OS/os.o
                0x0000000008003d14                OS_Signal
 .text.OS_FIFO_Init
                0x0000000008003d68       0x34 OS/os.o
                0x0000000008003d68                OS_FIFO_Init
 .text.OS_FIFO_Put
                0x0000000008003d9c       0x6c OS/os.o
                0x0000000008003d9c                OS_FIFO_Put
 .text.OS_FIFO_Get
                0x0000000008003e08       0x50 OS/os.o
                0x0000000008003e08                OS_FIFO_Get
 .text.SysTick_Handler
                0x0000000008003e58       0x2c OS/osasm.o
                0x0000000008003e58                SysTick_Handler
 .text.StartOS  0x0000000008003e84       0x30 OS/osasm.o
                0x0000000008003e84                StartOS
                0x0000000008003ea2                StartCritical
                0x0000000008003eaa                EndCritical
 .text.__libc_init_array
                0x0000000008003eb4       0x48 c:/program files/stm32cubeide_1.6.1/stm32cubeide/plugins/com.st.stm32cube.ide.mcu.externaltools.gnu-tools-for-stm32.9-2020-q2-update.win32_1.5.0.202011040924/tools/bin/../lib/gcc/arm-none-eabi/9.3.1/../../../../arm-none-eabi/lib/thumb/v7e-m+fp/hard\libc_nano.a(lib_a-init.o)
                0x0000000008003eb4                __libc_init_array
 .text.memset   0x0000000008003efc       0x10 c:/program files/stm32cubeide_1.6.1/stm32cubeide/plugins/com.st.stm32cube.ide.mcu.externaltools.gnu-tools-for-stm32.9-2020-q2-update.win32_1.5.0.202011040924/tools/bin/../lib/gcc/arm-none-eabi/9.3.1/../../../../arm-none-eabi/lib/thumb/v7e-m+fp/hard\libc_nano.a(lib_a-memset.o)
                0x0000000008003efc                memset
 *(.glue_7)
 .glue_7        0x0000000008003f0c        0x0 linker stubs
 *(.glue_7t)
 .glue_7t       0x0000000008003f0c        0x0 linker stubs
 *(.eh_frame)
 .eh_frame      0x0000000008003f0c        0x0 c:/program files/stm32cubeide_1.6.1/stm32cubeide/plugins/com.st.stm32cube.ide.mcu.externaltools.gnu-tools-for-stm32.9-2020-q2-update.win32_1.5.0.202011040924/tools/bin/../lib/gcc/arm-none-eabi/9.3.1/thumb/v7e-m+fp/hard/crtbegin.o
 *(.init)
 .init          0x0000000008003f0c        0x4 c:/program files/stm32cubeide_1.6.1/stm32cubeide/plugins/com.st.stm32cube.ide.mcu.externaltools.gnu-tools-for-stm32.9-2020-q2-update.win32_1.5.0.202011040924/tools/bin/../lib/gcc/arm-none-eabi/9.3.1/thumb/v7e-m+fp/hard/crti.o
                0x0000000008003f0c                _init
 .init          0x0000000008003f10        0x8 c:/program files/stm32cubeide_1.6.1/stm32cubeide/plugins/com.st.stm32cube.ide.mcu.externaltools.gnu-tools-for-stm32.9-2020-q2-update.win32_1.5.0.202011040924/tools/bin/../lib/gcc/arm-none-eabi/9.3.1/thumb/v7e-m+fp/hard/crtn.o
 *(.fini)
 .fini          0x0000000008003f18        0x4 c:/program files/stm32cubeide_1.6.1/stm32cubeide/plugins/com.st.stm32cube.ide.mcu.externaltools.gnu-tools-for-stm32.9-2020-q2-update.win32_1.5.0.202011040924/tools/bin/../lib/gcc/arm-none-eabi/9.3.1/thumb/v7e-m+fp/hard/crti.o
                0x0000000008003f18                _fini
 .fini          0x0000000008003f1c        0x8 c:/program files/stm32cubeide_1.6.1/stm32cubeide/plugins/com.st.stm32cube.ide.mcu.externaltools.gnu-tools-for-stm32.9-2020-q2-update.win32_1.5.0.202011040924/tools/bin/../lib/gcc/arm-none-eabi/9.3.1/thumb/v7e-m+fp/hard/crtn.o
                0x0000000008003f24                . = ALIGN (0x4)
                0x0000000008003f24                _etext = .

.vfp11_veneer   0x0000000008003f24        0x0
 .vfp11_veneer  0x0000000008003f24        0x0 linker stubs

.v4_bx          0x0000000008003f24        0x0
 .v4_bx         0x0000000008003f24        0x0 linker stubs

.iplt           0x0000000008003f24        0x0
 .iplt          0x0000000008003f24        0x0 c:/program files/stm32cubeide_1.6.1/stm32cubeide/plugins/com.st.stm32cube.ide.mcu.externaltools.gnu-tools-for-stm32.9-2020-q2-update.win32_1.5.0.202011040924/tools/bin/../lib/gcc/arm-none-eabi/9.3.1/thumb/v7e-m+fp/hard/crtbegin.o

.rodata         0x0000000008003f24       0x38
                0x0000000008003f24                . = ALIGN (0x4)
 *(.rodata)
 *(.rodata*)
 .rodata.AHBPrescTable
                0x0000000008003f24       0x10 Core/Src/system_stm32f3xx.o
                0x0000000008003f24                AHBPrescTable
 .rodata.APBPrescTable
                0x0000000008003f34        0x8 Core/Src/system_stm32f3xx.o
                0x0000000008003f34                APBPrescTable
 .rodata.aPLLMULFactorTable
                0x0000000008003f3c       0x10 Drivers/STM32F3xx_HAL_Driver/Src/stm32f3xx_hal_rcc.o
                0x0000000008003f3c                aPLLMULFactorTable
 .rodata.aPredivFactorTable
                0x0000000008003f4c       0x10 Drivers/STM32F3xx_HAL_Driver/Src/stm32f3xx_hal_rcc.o
                0x0000000008003f4c                aPredivFactorTable
                0x0000000008003f5c                . = ALIGN (0x4)

.rel.dyn        0x0000000008003f5c        0x0
 .rel.iplt      0x0000000008003f5c        0x0 c:/program files/stm32cubeide_1.6.1/stm32cubeide/plugins/com.st.stm32cube.ide.mcu.externaltools.gnu-tools-for-stm32.9-2020-q2-update.win32_1.5.0.202011040924/tools/bin/../lib/gcc/arm-none-eabi/9.3.1/thumb/v7e-m+fp/hard/crtbegin.o

.ARM.extab      0x0000000008003f5c        0x0
                0x0000000008003f5c                . = ALIGN (0x4)
 *(.ARM.extab* .gnu.linkonce.armextab.*)
                0x0000000008003f5c                . = ALIGN (0x4)

.ARM            0x0000000008003f5c        0x0
                0x0000000008003f5c                . = ALIGN (0x4)
                0x0000000008003f5c                __exidx_start = .
 *(.ARM.exidx*)
                0x0000000008003f5c                __exidx_end = .
                0x0000000008003f5c                . = ALIGN (0x4)

.preinit_array  0x0000000008003f5c        0x0
                0x0000000008003f5c                . = ALIGN (0x4)
                0x0000000008003f5c                PROVIDE (__preinit_array_start = .)
 *(.preinit_array*)
                0x0000000008003f5c                PROVIDE (__preinit_array_end = .)
                0x0000000008003f5c                . = ALIGN (0x4)

.init_array     0x0000000008003f5c        0x4
                0x0000000008003f5c                . = ALIGN (0x4)
                0x0000000008003f5c                PROVIDE (__init_array_start = .)
 *(SORT_BY_NAME(.init_array.*))
 *(.init_array*)
 .init_array    0x0000000008003f5c        0x4 c:/program files/stm32cubeide_1.6.1/stm32cubeide/plugins/com.st.stm32cube.ide.mcu.externaltools.gnu-tools-for-stm32.9-2020-q2-update.win32_1.5.0.202011040924/tools/bin/../lib/gcc/arm-none-eabi/9.3.1/thumb/v7e-m+fp/hard/crtbegin.o
                0x0000000008003f60                PROVIDE (__init_array_end = .)
                0x0000000008003f60                . = ALIGN (0x4)

.fini_array     0x0000000008003f60        0x4
                0x0000000008003f60                . = ALIGN (0x4)
                [!provide]                        PROVIDE (__fini_array_start = .)
 *(SORT_BY_NAME(.fini_array.*))
 *(.fini_array*)
 .fini_array    0x0000000008003f60        0x4 c:/program files/stm32cubeide_1.6.1/stm32cubeide/plugins/com.st.stm32cube.ide.mcu.externaltools.gnu-tools-for-stm32.9-2020-q2-update.win32_1.5.0.202011040924/tools/bin/../lib/gcc/arm-none-eabi/9.3.1/thumb/v7e-m+fp/hard/crtbegin.o
                [!provide]                        PROVIDE (__fini_array_end = .)
                0x0000000008003f64                . = ALIGN (0x4)
                0x0000000008003f64                _sidata = LOADADDR (.data)

.data           0x0000000020000000        0xc load address 0x0000000008003f64
                0x0000000020000000                . = ALIGN (0x4)
                0x0000000020000000                _sdata = .
 *(.data)
 *(.data*)
 .data.SystemCoreClock
                0x0000000020000000        0x4 Core/Src/system_stm32f3xx.o
                0x0000000020000000                SystemCoreClock
 .data.uwTickPrio
                0x0000000020000004        0x4 Drivers/STM32F3xx_HAL_Driver/Src/stm32f3xx_hal.o
                0x0000000020000004                uwTickPrio
 .data.uwTickFreq
                0x0000000020000008        0x1 Drivers/STM32F3xx_HAL_Driver/Src/stm32f3xx_hal.o
                0x0000000020000008                uwTickFreq
                0x000000002000000c                . = ALIGN (0x4)
 *fill*         0x0000000020000009        0x3 
                0x000000002000000c                _edata = .

.igot.plt       0x000000002000000c        0x0 load address 0x0000000008003f70
 .igot.plt      0x000000002000000c        0x0 c:/program files/stm32cubeide_1.6.1/stm32cubeide/plugins/com.st.stm32cube.ide.mcu.externaltools.gnu-tools-for-stm32.9-2020-q2-update.win32_1.5.0.202011040924/tools/bin/../lib/gcc/arm-none-eabi/9.3.1/thumb/v7e-m+fp/hard/crtbegin.o
                0x000000002000000c                . = ALIGN (0x4)

.bss            0x000000002000000c      0xe80 load address 0x0000000008003f70
                0x000000002000000c                _sbss = .
                0x000000002000000c                __bss_start__ = _sbss
 *(.bss)
 .bss           0x000000002000000c       0x1c c:/program files/stm32cubeide_1.6.1/stm32cubeide/plugins/com.st.stm32cube.ide.mcu.externaltools.gnu-tools-for-stm32.9-2020-q2-update.win32_1.5.0.202011040924/tools/bin/../lib/gcc/arm-none-eabi/9.3.1/thumb/v7e-m+fp/hard/crtbegin.o
 *(.bss*)
 *(COMMON)
 COMMON         0x0000000020000028      0x464 Core/Src/main.o
                0x0000000020000028                CountO
                0x000000002000002c                hi2c1
                0x0000000020000078                CountR
                0x000000002000007c                sCD
                0x0000000020000080                TaskNexpected
                0x0000000020000084                TaskNLostData
                0x0000000020000088                CountE
                0x000000002000008c                CountB
                0x0000000020000090                sAB
                0x0000000020000094                sEF
                0x0000000020000098                TaskMdata
                0x000000002000009c                TaskNactual
                0x00000000200000a0                CountD
                0x00000000200000a4                CountP
                0x00000000200000a8                hspi1
                0x000000002000010c                CountA
                0x0000000020000110                huart2
                0x0000000020000194                CountF
                0x0000000020000198                CountQ
                0x000000002000019c                hpcd_USB_FS
                0x0000000020000488                CountC
 COMMON         0x000000002000048c        0x4 Drivers/STM32F3xx_HAL_Driver/Src/stm32f3xx_hal.o
                0x000000002000048c                uwTick
 COMMON         0x0000000020000490      0x9fc OS/os.o
                0x0000000020000490                Stacks
                0x0000000020000df0                LostData
                0x0000000020000df4                PutI
                0x0000000020000df8                CurrentSize
                0x0000000020000dfc                tcbs
                0x0000000020000e5c                GetI
                0x0000000020000e60                Fifo
                0x0000000020000e88                RunPt
                0x0000000020000e8c                . = ALIGN (0x4)
                0x0000000020000e8c                _ebss = .
                0x0000000020000e8c                __bss_end__ = _ebss

._user_heap_stack
                0x0000000020000e8c      0x604 load address 0x0000000008003f70
                0x0000000020000e90                . = ALIGN (0x8)
 *fill*         0x0000000020000e8c        0x4 
                0x0000000020000e90                PROVIDE (end = .)
                [!provide]                        PROVIDE (_end = .)
                0x0000000020001090                . = (. + _Min_Heap_Size)
 *fill*         0x0000000020000e90      0x200 
                0x0000000020001490                . = (. + _Min_Stack_Size)
 *fill*         0x0000000020001090      0x400 
                0x0000000020001490                . = ALIGN (0x8)

/DISCARD/
 libc.a(*)
 libm.a(*)
 libgcc.a(*)

.ARM.attributes
                0x0000000000000000       0x30
 *(.ARM.attributes)
 .ARM.attributes
                0x0000000000000000       0x1e c:/program files/stm32cubeide_1.6.1/stm32cubeide/plugins/com.st.stm32cube.ide.mcu.externaltools.gnu-tools-for-stm32.9-2020-q2-update.win32_1.5.0.202011040924/tools/bin/../lib/gcc/arm-none-eabi/9.3.1/thumb/v7e-m+fp/hard/crti.o
 .ARM.attributes
                0x000000000000001e       0x34 c:/program files/stm32cubeide_1.6.1/stm32cubeide/plugins/com.st.stm32cube.ide.mcu.externaltools.gnu-tools-for-stm32.9-2020-q2-update.win32_1.5.0.202011040924/tools/bin/../lib/gcc/arm-none-eabi/9.3.1/thumb/v7e-m+fp/hard/crtbegin.o
 .ARM.attributes
                0x0000000000000052       0x34 Core/Src/main.o
 .ARM.attributes
                0x0000000000000086       0x34 Core/Src/stm32f3xx_hal_msp.o
 .ARM.attributes
                0x00000000000000ba       0x34 Core/Src/stm32f3xx_it.o
 .ARM.attributes
                0x00000000000000ee       0x34 Core/Src/system_stm32f3xx.o
 .ARM.attributes
                0x0000000000000122       0x21 Core/Startup/startup_stm32f303vctx.o
 .ARM.attributes
                0x0000000000000143       0x34 Drivers/STM32F3xx_HAL_Driver/Src/stm32f3xx_hal.o
 .ARM.attributes
                0x0000000000000177       0x34 Drivers/STM32F3xx_HAL_Driver/Src/stm32f3xx_hal_cortex.o
 .ARM.attributes
                0x00000000000001ab       0x34 Drivers/STM32F3xx_HAL_Driver/Src/stm32f3xx_hal_dma.o
 .ARM.attributes
                0x00000000000001df       0x34 Drivers/STM32F3xx_HAL_Driver/Src/stm32f3xx_hal_gpio.o
 .ARM.attributes
                0x0000000000000213       0x34 Drivers/STM32F3xx_HAL_Driver/Src/stm32f3xx_hal_i2c.o
 .ARM.attributes
                0x0000000000000247       0x34 Drivers/STM32F3xx_HAL_Driver/Src/stm32f3xx_hal_i2c_ex.o
 .ARM.attributes
                0x000000000000027b       0x34 Drivers/STM32F3xx_HAL_Driver/Src/stm32f3xx_hal_pcd.o
 .ARM.attributes
                0x00000000000002af       0x34 Drivers/STM32F3xx_HAL_Driver/Src/stm32f3xx_hal_rcc.o
 .ARM.attributes
                0x00000000000002e3       0x34 Drivers/STM32F3xx_HAL_Driver/Src/stm32f3xx_hal_rcc_ex.o
 .ARM.attributes
                0x0000000000000317       0x34 Drivers/STM32F3xx_HAL_Driver/Src/stm32f3xx_hal_spi.o
 .ARM.attributes
                0x000000000000034b       0x34 Drivers/STM32F3xx_HAL_Driver/Src/stm32f3xx_hal_uart.o
 .ARM.attributes
                0x000000000000037f       0x34 Drivers/STM32F3xx_HAL_Driver/Src/stm32f3xx_hal_uart_ex.o
 .ARM.attributes
                0x00000000000003b3       0x34 Drivers/STM32F3xx_HAL_Driver/Src/stm32f3xx_ll_usb.o
 .ARM.attributes
                0x00000000000003e7       0x34 OS/os.o
 .ARM.attributes
                0x000000000000041b       0x21 OS/osasm.o
 .ARM.attributes
                0x000000000000043c       0x34 c:/program files/stm32cubeide_1.6.1/stm32cubeide/plugins/com.st.stm32cube.ide.mcu.externaltools.gnu-tools-for-stm32.9-2020-q2-update.win32_1.5.0.202011040924/tools/bin/../lib/gcc/arm-none-eabi/9.3.1/../../../../arm-none-eabi/lib/thumb/v7e-m+fp/hard\libc_nano.a(lib_a-init.o)
 .ARM.attributes
                0x0000000000000470       0x34 c:/program files/stm32cubeide_1.6.1/stm32cubeide/plugins/com.st.stm32cube.ide.mcu.externaltools.gnu-tools-for-stm32.9-2020-q2-update.win32_1.5.0.202011040924/tools/bin/../lib/gcc/arm-none-eabi/9.3.1/../../../../arm-none-eabi/lib/thumb/v7e-m+fp/hard\libc_nano.a(lib_a-memset.o)
 .ARM.attributes
                0x00000000000004a4       0x1e c:/program files/stm32cubeide_1.6.1/stm32cubeide/plugins/com.st.stm32cube.ide.mcu.externaltools.gnu-tools-for-stm32.9-2020-q2-update.win32_1.5.0.202011040924/tools/bin/../lib/gcc/arm-none-eabi/9.3.1/thumb/v7e-m+fp/hard/crtn.o
OUTPUT(os_test_f303.elf elf32-littlearm)
LOAD linker stubs
LOAD c:/program files/stm32cubeide_1.6.1/stm32cubeide/plugins/com.st.stm32cube.ide.mcu.externaltools.gnu-tools-for-stm32.9-2020-q2-update.win32_1.5.0.202011040924/tools/bin/../lib/gcc/arm-none-eabi/9.3.1/../../../../arm-none-eabi/lib/thumb/v7e-m+fp/hard\libc.a
LOAD c:/program files/stm32cubeide_1.6.1/stm32cubeide/plugins/com.st.stm32cube.ide.mcu.externaltools.gnu-tools-for-stm32.9-2020-q2-update.win32_1.5.0.202011040924/tools/bin/../lib/gcc/arm-none-eabi/9.3.1/../../../../arm-none-eabi/lib/thumb/v7e-m+fp/hard\libm.a
LOAD c:/program files/stm32cubeide_1.6.1/stm32cubeide/plugins/com.st.stm32cube.ide.mcu.externaltools.gnu-tools-for-stm32.9-2020-q2-update.win32_1.5.0.202011040924/tools/bin/../lib/gcc/arm-none-eabi/9.3.1/thumb/v7e-m+fp/hard\libgcc.a

.debug_info     0x0000000000000000    0x11b66
 .debug_info    0x0000000000000000     0x1929 Core/Src/main.o
 .debug_info    0x0000000000001929     0x178e Core/Src/stm32f3xx_hal_msp.o
 .debug_info    0x00000000000030b7      0x7b9 Core/Src/stm32f3xx_it.o
 .debug_info    0x0000000000003870      0x49a Core/Src/system_stm32f3xx.o
 .debug_info    0x0000000000003d0a       0x22 Core/Startup/startup_stm32f303vctx.o
 .debug_info    0x0000000000003d2c      0x83d Drivers/STM32F3xx_HAL_Driver/Src/stm32f3xx_hal.o
 .debug_info    0x0000000000004569      0xe44 Drivers/STM32F3xx_HAL_Driver/Src/stm32f3xx_hal_cortex.o
 .debug_info    0x00000000000053ad      0x839 Drivers/STM32F3xx_HAL_Driver/Src/stm32f3xx_hal_dma.o
 .debug_info    0x0000000000005be6      0x779 Drivers/STM32F3xx_HAL_Driver/Src/stm32f3xx_hal_gpio.o
 .debug_info    0x000000000000635f     0x21c4 Drivers/STM32F3xx_HAL_Driver/Src/stm32f3xx_hal_i2c.o
 .debug_info    0x0000000000008523      0x968 Drivers/STM32F3xx_HAL_Driver/Src/stm32f3xx_hal_i2c_ex.o
 .debug_info    0x0000000000008e8b     0x1353 Drivers/STM32F3xx_HAL_Driver/Src/stm32f3xx_hal_pcd.o
 .debug_info    0x000000000000a1de     0x15b5 Drivers/STM32F3xx_HAL_Driver/Src/stm32f3xx_hal_rcc.o
 .debug_info    0x000000000000b793      0x6b4 Drivers/STM32F3xx_HAL_Driver/Src/stm32f3xx_hal_rcc_ex.o
 .debug_info    0x000000000000be47     0x17cb Drivers/STM32F3xx_HAL_Driver/Src/stm32f3xx_hal_spi.o
 .debug_info    0x000000000000d612     0x17f6 Drivers/STM32F3xx_HAL_Driver/Src/stm32f3xx_hal_uart.o
 .debug_info    0x000000000000ee08      0xab6 Drivers/STM32F3xx_HAL_Driver/Src/stm32f3xx_hal_uart_ex.o
 .debug_info    0x000000000000f8be     0x1733 Drivers/STM32F3xx_HAL_Driver/Src/stm32f3xx_ll_usb.o
 .debug_info    0x0000000000010ff1      0xb53 OS/os.o
 .debug_info    0x0000000000011b44       0x22 OS/osasm.o

.debug_abbrev   0x0000000000000000     0x28ee
 .debug_abbrev  0x0000000000000000      0x2bb Core/Src/main.o
 .debug_abbrev  0x00000000000002bb      0x21e Core/Src/stm32f3xx_hal_msp.o
 .debug_abbrev  0x00000000000004d9      0x163 Core/Src/stm32f3xx_it.o
 .debug_abbrev  0x000000000000063c      0x145 Core/Src/system_stm32f3xx.o
 .debug_abbrev  0x0000000000000781       0x12 Core/Startup/startup_stm32f303vctx.o
 .debug_abbrev  0x0000000000000793      0x1ed Drivers/STM32F3xx_HAL_Driver/Src/stm32f3xx_hal.o
 .debug_abbrev  0x0000000000000980      0x33c Drivers/STM32F3xx_HAL_Driver/Src/stm32f3xx_hal_cortex.o
 .debug_abbrev  0x0000000000000cbc      0x228 Drivers/STM32F3xx_HAL_Driver/Src/stm32f3xx_hal_dma.o
 .debug_abbrev  0x0000000000000ee4      0x1e8 Drivers/STM32F3xx_HAL_Driver/Src/stm32f3xx_hal_gpio.o
 .debug_abbrev  0x00000000000010cc      0x256 Drivers/STM32F3xx_HAL_Driver/Src/stm32f3xx_hal_i2c.o
 .debug_abbrev  0x0000000000001322      0x1dd Drivers/STM32F3xx_HAL_Driver/Src/stm32f3xx_hal_i2c_ex.o
 .debug_abbrev  0x00000000000014ff      0x2ba Drivers/STM32F3xx_HAL_Driver/Src/stm32f3xx_hal_pcd.o
 .debug_abbrev  0x00000000000017b9      0x2c4 Drivers/STM32F3xx_HAL_Driver/Src/stm32f3xx_hal_rcc.o
 .debug_abbrev  0x0000000000001a7d      0x23e Drivers/STM32F3xx_HAL_Driver/Src/stm32f3xx_hal_rcc_ex.o
 .debug_abbrev  0x0000000000001cbb      0x254 Drivers/STM32F3xx_HAL_Driver/Src/stm32f3xx_hal_spi.o
 .debug_abbrev  0x0000000000001f0f      0x23f Drivers/STM32F3xx_HAL_Driver/Src/stm32f3xx_hal_uart.o
 .debug_abbrev  0x000000000000214e      0x20a Drivers/STM32F3xx_HAL_Driver/Src/stm32f3xx_hal_uart_ex.o
 .debug_abbrev  0x0000000000002358      0x25c Drivers/STM32F3xx_HAL_Driver/Src/stm32f3xx_ll_usb.o
 .debug_abbrev  0x00000000000025b4      0x328 OS/os.o
 .debug_abbrev  0x00000000000028dc       0x12 OS/osasm.o

.debug_aranges  0x0000000000000000      0xf28
 .debug_aranges
                0x0000000000000000       0x90 Core/Src/main.o
 .debug_aranges
                0x0000000000000090       0x60 Core/Src/stm32f3xx_hal_msp.o
 .debug_aranges
                0x00000000000000f0       0x60 Core/Src/stm32f3xx_it.o
 .debug_aranges
                0x0000000000000150       0x28 Core/Src/system_stm32f3xx.o
 .debug_aranges
                0x0000000000000178       0x28 Core/Startup/startup_stm32f303vctx.o
 .debug_aranges
                0x00000000000001a0       0xe0 Drivers/STM32F3xx_HAL_Driver/Src/stm32f3xx_hal.o
 .debug_aranges
                0x0000000000000280      0x118 Drivers/STM32F3xx_HAL_Driver/Src/stm32f3xx_hal_cortex.o
 .debug_aranges
                0x0000000000000398       0x88 Drivers/STM32F3xx_HAL_Driver/Src/stm32f3xx_hal_dma.o
 .debug_aranges
                0x0000000000000420       0x58 Drivers/STM32F3xx_HAL_Driver/Src/stm32f3xx_hal_gpio.o
 .debug_aranges
                0x0000000000000478      0x290 Drivers/STM32F3xx_HAL_Driver/Src/stm32f3xx_hal_i2c.o
 .debug_aranges
                0x0000000000000708       0x48 Drivers/STM32F3xx_HAL_Driver/Src/stm32f3xx_hal_i2c_ex.o
 .debug_aranges
                0x0000000000000750      0x138 Drivers/STM32F3xx_HAL_Driver/Src/stm32f3xx_hal_pcd.o
 .debug_aranges
                0x0000000000000888       0x88 Drivers/STM32F3xx_HAL_Driver/Src/stm32f3xx_hal_rcc.o
 .debug_aranges
                0x0000000000000910       0x38 Drivers/STM32F3xx_HAL_Driver/Src/stm32f3xx_hal_rcc_ex.o
 .debug_aranges
                0x0000000000000948      0x1d8 Drivers/STM32F3xx_HAL_Driver/Src/stm32f3xx_hal_spi.o
 .debug_aranges
                0x0000000000000b20      0x228 Drivers/STM32F3xx_HAL_Driver/Src/stm32f3xx_hal_uart.o
 .debug_aranges
                0x0000000000000d48       0x68 Drivers/STM32F3xx_HAL_Driver/Src/stm32f3xx_hal_uart_ex.o
 .debug_aranges
                0x0000000000000db0       0xb0 Drivers/STM32F3xx_HAL_Driver/Src/stm32f3xx_ll_usb.o
 .debug_aranges
                0x0000000000000e60       0xa0 OS/os.o
 .debug_aranges
                0x0000000000000f00       0x28 OS/osasm.o

.debug_ranges   0x0000000000000000      0xe28
 .debug_ranges  0x0000000000000000       0x80 Core/Src/main.o
 .debug_ranges  0x0000000000000080       0x50 Core/Src/stm32f3xx_hal_msp.o
 .debug_ranges  0x00000000000000d0       0x50 Core/Src/stm32f3xx_it.o
 .debug_ranges  0x0000000000000120       0x18 Core/Src/system_stm32f3xx.o
 .debug_ranges  0x0000000000000138       0x20 Core/Startup/startup_stm32f303vctx.o
 .debug_ranges  0x0000000000000158       0xd0 Drivers/STM32F3xx_HAL_Driver/Src/stm32f3xx_hal.o
 .debug_ranges  0x0000000000000228      0x108 Drivers/STM32F3xx_HAL_Driver/Src/stm32f3xx_hal_cortex.o
 .debug_ranges  0x0000000000000330       0x78 Drivers/STM32F3xx_HAL_Driver/Src/stm32f3xx_hal_dma.o
 .debug_ranges  0x00000000000003a8       0x48 Drivers/STM32F3xx_HAL_Driver/Src/stm32f3xx_hal_gpio.o
 .debug_ranges  0x00000000000003f0      0x280 Drivers/STM32F3xx_HAL_Driver/Src/stm32f3xx_hal_i2c.o
 .debug_ranges  0x0000000000000670       0x38 Drivers/STM32F3xx_HAL_Driver/Src/stm32f3xx_hal_i2c_ex.o
 .debug_ranges  0x00000000000006a8      0x128 Drivers/STM32F3xx_HAL_Driver/Src/stm32f3xx_hal_pcd.o
 .debug_ranges  0x00000000000007d0       0x78 Drivers/STM32F3xx_HAL_Driver/Src/stm32f3xx_hal_rcc.o
 .debug_ranges  0x0000000000000848       0x28 Drivers/STM32F3xx_HAL_Driver/Src/stm32f3xx_hal_rcc_ex.o
 .debug_ranges  0x0000000000000870      0x1c8 Drivers/STM32F3xx_HAL_Driver/Src/stm32f3xx_hal_spi.o
 .debug_ranges  0x0000000000000a38      0x248 Drivers/STM32F3xx_HAL_Driver/Src/stm32f3xx_hal_uart.o
 .debug_ranges  0x0000000000000c80       0x58 Drivers/STM32F3xx_HAL_Driver/Src/stm32f3xx_hal_uart_ex.o
 .debug_ranges  0x0000000000000cd8       0xa0 Drivers/STM32F3xx_HAL_Driver/Src/stm32f3xx_ll_usb.o
 .debug_ranges  0x0000000000000d78       0x90 OS/os.o
 .debug_ranges  0x0000000000000e08       0x20 OS/osasm.o

.debug_macro    0x0000000000000000    0x1da55
 .debug_macro   0x0000000000000000      0x215 Core/Src/main.o
 .debug_macro   0x0000000000000215      0xaa8 Core/Src/main.o
 .debug_macro   0x0000000000000cbd      0x15d Core/Src/main.o
 .debug_macro   0x0000000000000e1a       0x2e Core/Src/main.o
 .debug_macro   0x0000000000000e48       0x28 Core/Src/main.o
 .debug_macro   0x0000000000000e70       0x22 Core/Src/main.o
 .debug_macro   0x0000000000000e92       0x8e Core/Src/main.o
 .debug_macro   0x0000000000000f20       0x51 Core/Src/main.o
 .debug_macro   0x0000000000000f71      0x103 Core/Src/main.o
 .debug_macro   0x0000000000001074       0x6a Core/Src/main.o
 .debug_macro   0x00000000000010de      0x1df Core/Src/main.o
 .debug_macro   0x00000000000012bd       0x1c Core/Src/main.o
 .debug_macro   0x00000000000012d9       0x22 Core/Src/main.o
 .debug_macro   0x00000000000012fb       0xdf Core/Src/main.o
 .debug_macro   0x00000000000013da     0x102d Core/Src/main.o
 .debug_macro   0x0000000000002407      0x11f Core/Src/main.o
 .debug_macro   0x0000000000002526    0x12a33 Core/Src/main.o
 .debug_macro   0x0000000000014f59       0x43 Core/Src/main.o
 .debug_macro   0x0000000000014f9c     0x35e9 Core/Src/main.o
 .debug_macro   0x0000000000018585      0x174 Core/Src/main.o
 .debug_macro   0x00000000000186f9       0x55 Core/Src/main.o
 .debug_macro   0x000000000001874e      0x962 Core/Src/main.o
 .debug_macro   0x00000000000190b0      0x5fe Core/Src/main.o
 .debug_macro   0x00000000000196ae      0x12f Core/Src/main.o
 .debug_macro   0x00000000000197dd      0x1fb Core/Src/main.o
 .debug_macro   0x00000000000199d8      0x1dc Core/Src/main.o
 .debug_macro   0x0000000000019bb4      0x1bc Core/Src/main.o
 .debug_macro   0x0000000000019d70       0x30 Core/Src/main.o
 .debug_macro   0x0000000000019da0       0x3c Core/Src/main.o
 .debug_macro   0x0000000000019ddc      0x236 Core/Src/main.o
 .debug_macro   0x000000000001a012       0xc5 Core/Src/main.o
 .debug_macro   0x000000000001a0d7      0x21d Core/Src/main.o
 .debug_macro   0x000000000001a2f4      0x22c Core/Src/main.o
 .debug_macro   0x000000000001a520       0x5b Core/Src/main.o
 .debug_macro   0x000000000001a57b       0xa5 Core/Src/main.o
 .debug_macro   0x000000000001a620       0x65 Core/Src/main.o
 .debug_macro   0x000000000001a685      0x249 Core/Src/main.o
 .debug_macro   0x000000000001a8ce       0x81 Core/Src/main.o
 .debug_macro   0x000000000001a94f       0xd3 Core/Src/main.o
 .debug_macro   0x000000000001aa22      0x2fe Core/Src/main.o
 .debug_macro   0x000000000001ad20      0x5a5 Core/Src/main.o
 .debug_macro   0x000000000001b2c5       0x3e Core/Src/main.o
 .debug_macro   0x000000000001b303      0x275 Core/Src/main.o
 .debug_macro   0x000000000001b578      0x160 Core/Src/main.o
 .debug_macro   0x000000000001b6d8      0x20b Core/Src/stm32f3xx_hal_msp.o
 .debug_macro   0x000000000001b8e3      0x215 Core/Src/stm32f3xx_it.o
 .debug_macro   0x000000000001baf8      0x1fc Core/Src/system_stm32f3xx.o
 .debug_macro   0x000000000001bcf4      0x220 Drivers/STM32F3xx_HAL_Driver/Src/stm32f3xx_hal.o
 .debug_macro   0x000000000001bf14      0x1fc Drivers/STM32F3xx_HAL_Driver/Src/stm32f3xx_hal_cortex.o
 .debug_macro   0x000000000001c110      0x1fc Drivers/STM32F3xx_HAL_Driver/Src/stm32f3xx_hal_dma.o
 .debug_macro   0x000000000001c30c      0x234 Drivers/STM32F3xx_HAL_Driver/Src/stm32f3xx_hal_gpio.o
 .debug_macro   0x000000000001c540      0x2c1 Drivers/STM32F3xx_HAL_Driver/Src/stm32f3xx_hal_i2c.o
 .debug_macro   0x000000000001c801      0x1fc Drivers/STM32F3xx_HAL_Driver/Src/stm32f3xx_hal_i2c_ex.o
 .debug_macro   0x000000000001c9fd      0x208 Drivers/STM32F3xx_HAL_Driver/Src/stm32f3xx_hal_pcd.o
 .debug_macro   0x000000000001cc05      0x220 Drivers/STM32F3xx_HAL_Driver/Src/stm32f3xx_hal_rcc.o
 .debug_macro   0x000000000001ce25      0x1fc Drivers/STM32F3xx_HAL_Driver/Src/stm32f3xx_hal_rcc_ex.o
 .debug_macro   0x000000000001d021      0x204 Drivers/STM32F3xx_HAL_Driver/Src/stm32f3xx_hal_spi.o
 .debug_macro   0x000000000001d225      0x219 Drivers/STM32F3xx_HAL_Driver/Src/stm32f3xx_hal_uart.o
 .debug_macro   0x000000000001d43e      0x1fc Drivers/STM32F3xx_HAL_Driver/Src/stm32f3xx_hal_uart_ex.o
 .debug_macro   0x000000000001d63a      0x1fc Drivers/STM32F3xx_HAL_Driver/Src/stm32f3xx_ll_usb.o
 .debug_macro   0x000000000001d836      0x21f OS/os.o

.debug_line     0x0000000000000000    0x1260a
 .debug_line    0x0000000000000000      0xa8e Core/Src/main.o
 .debug_line    0x0000000000000a8e      0x89d Core/Src/stm32f3xx_hal_msp.o
 .debug_line    0x000000000000132b      0x821 Core/Src/stm32f3xx_it.o
 .debug_line    0x0000000000001b4c      0x7db Core/Src/system_stm32f3xx.o
 .debug_line    0x0000000000002327       0x88 Core/Startup/startup_stm32f303vctx.o
 .debug_line    0x00000000000023af      0xa0f Drivers/STM32F3xx_HAL_Driver/Src/stm32f3xx_hal.o
 .debug_line    0x0000000000002dbe      0xcd5 Drivers/STM32F3xx_HAL_Driver/Src/stm32f3xx_hal_cortex.o
 .debug_line    0x0000000000003a93      0xd22 Drivers/STM32F3xx_HAL_Driver/Src/stm32f3xx_hal_dma.o
 .debug_line    0x00000000000047b5      0xb7b Drivers/STM32F3xx_HAL_Driver/Src/stm32f3xx_hal_gpio.o
 .debug_line    0x0000000000005330     0x3325 Drivers/STM32F3xx_HAL_Driver/Src/stm32f3xx_hal_i2c.o
 .debug_line    0x0000000000008655      0x982 Drivers/STM32F3xx_HAL_Driver/Src/stm32f3xx_hal_i2c_ex.o
 .debug_line    0x0000000000008fd7     0x12a7 Drivers/STM32F3xx_HAL_Driver/Src/stm32f3xx_hal_pcd.o
 .debug_line    0x000000000000a27e     0x13ea Drivers/STM32F3xx_HAL_Driver/Src/stm32f3xx_hal_rcc.o
 .debug_line    0x000000000000b668      0xd7a Drivers/STM32F3xx_HAL_Driver/Src/stm32f3xx_hal_rcc_ex.o
 .debug_line    0x000000000000c3e2     0x1fba Drivers/STM32F3xx_HAL_Driver/Src/stm32f3xx_hal_spi.o
 .debug_line    0x000000000000e39c     0x1ce9 Drivers/STM32F3xx_HAL_Driver/Src/stm32f3xx_hal_uart.o
 .debug_line    0x0000000000010085      0xac3 Drivers/STM32F3xx_HAL_Driver/Src/stm32f3xx_hal_uart_ex.o
 .debug_line    0x0000000000010b48      0xfa9 Drivers/STM32F3xx_HAL_Driver/Src/stm32f3xx_ll_usb.o
 .debug_line    0x0000000000011af1      0xab0 OS/os.o
 .debug_line    0x00000000000125a1       0x69 OS/osasm.o

.debug_str      0x0000000000000000    0xb018c
 .debug_str     0x0000000000000000    0xac7e1 Core/Src/main.o
                                      0xacf72 (size before relaxing)
 .debug_str     0x00000000000ac7e1      0x422 Core/Src/stm32f3xx_hal_msp.o
                                      0xad09d (size before relaxing)
 .debug_str     0x00000000000acc03       0xbf Core/Src/stm32f3xx_it.o
                                      0xac45a (size before relaxing)
 .debug_str     0x00000000000accc2       0xb3 Core/Src/system_stm32f3xx.o
                                      0xabb81 (size before relaxing)
 .debug_str     0x00000000000acd75       0x36 Core/Startup/startup_stm32f303vctx.o
                                         0x69 (size before relaxing)
 .debug_str     0x00000000000acdab      0x2fb Drivers/STM32F3xx_HAL_Driver/Src/stm32f3xx_hal.o
                                      0xac31d (size before relaxing)
 .debug_str     0x00000000000ad0a6      0x393 Drivers/STM32F3xx_HAL_Driver/Src/stm32f3xx_hal_cortex.o
                                      0xac42b (size before relaxing)
 .debug_str     0x00000000000ad439      0x24d Drivers/STM32F3xx_HAL_Driver/Src/stm32f3xx_hal_dma.o
                                      0xabefb (size before relaxing)
 .debug_str     0x00000000000ad686      0x224 Drivers/STM32F3xx_HAL_Driver/Src/stm32f3xx_hal_gpio.o
                                      0xabde7 (size before relaxing)
 .debug_str     0x00000000000ad8aa      0xdaf Drivers/STM32F3xx_HAL_Driver/Src/stm32f3xx_hal_i2c.o
                                      0xacdd5 (size before relaxing)
 .debug_str     0x00000000000ae659       0xb8 Drivers/STM32F3xx_HAL_Driver/Src/stm32f3xx_hal_i2c_ex.o
                                      0xac0b8 (size before relaxing)
 .debug_str     0x00000000000ae711      0x3a5 Drivers/STM32F3xx_HAL_Driver/Src/stm32f3xx_hal_pcd.o
                                      0xac25f (size before relaxing)
 .debug_str     0x00000000000aeab6      0x2ec Drivers/STM32F3xx_HAL_Driver/Src/stm32f3xx_hal_rcc.o
                                      0xabfef (size before relaxing)
 .debug_str     0x00000000000aeda2       0xd8 Drivers/STM32F3xx_HAL_Driver/Src/stm32f3xx_hal_rcc_ex.o
                                      0xabdb3 (size before relaxing)
 .debug_str     0x00000000000aee7a      0x571 Drivers/STM32F3xx_HAL_Driver/Src/stm32f3xx_hal_spi.o
                                      0xac476 (size before relaxing)
 .debug_str     0x00000000000af3eb      0x84a Drivers/STM32F3xx_HAL_Driver/Src/stm32f3xx_hal_uart.o
                                      0xac7dc (size before relaxing)
 .debug_str     0x00000000000afc35      0x19e Drivers/STM32F3xx_HAL_Driver/Src/stm32f3xx_hal_uart_ex.o
                                      0xac0c5 (size before relaxing)
 .debug_str     0x00000000000afdd3      0x1ef Drivers/STM32F3xx_HAL_Driver/Src/stm32f3xx_ll_usb.o
                                      0xabf13 (size before relaxing)
 .debug_str     0x00000000000affc2      0x1c2 OS/os.o
                                      0xac1a2 (size before relaxing)
 .debug_str     0x00000000000b0184        0x8 OS/osasm.o
                                         0x49 (size before relaxing)

.comment        0x0000000000000000       0x53
 .comment       0x0000000000000000       0x53 Core/Src/main.o
                                         0x54 (size before relaxing)
 .comment       0x0000000000000053       0x54 Core/Src/stm32f3xx_hal_msp.o
 .comment       0x0000000000000053       0x54 Core/Src/stm32f3xx_it.o
 .comment       0x0000000000000053       0x54 Core/Src/system_stm32f3xx.o
 .comment       0x0000000000000053       0x54 Drivers/STM32F3xx_HAL_Driver/Src/stm32f3xx_hal.o
 .comment       0x0000000000000053       0x54 Drivers/STM32F3xx_HAL_Driver/Src/stm32f3xx_hal_cortex.o
 .comment       0x0000000000000053       0x54 Drivers/STM32F3xx_HAL_Driver/Src/stm32f3xx_hal_dma.o
 .comment       0x0000000000000053       0x54 Drivers/STM32F3xx_HAL_Driver/Src/stm32f3xx_hal_gpio.o
 .comment       0x0000000000000053       0x54 Drivers/STM32F3xx_HAL_Driver/Src/stm32f3xx_hal_i2c.o
 .comment       0x0000000000000053       0x54 Drivers/STM32F3xx_HAL_Driver/Src/stm32f3xx_hal_i2c_ex.o
 .comment       0x0000000000000053       0x54 Drivers/STM32F3xx_HAL_Driver/Src/stm32f3xx_hal_pcd.o
 .comment       0x0000000000000053       0x54 Drivers/STM32F3xx_HAL_Driver/Src/stm32f3xx_hal_rcc.o
 .comment       0x0000000000000053       0x54 Drivers/STM32F3xx_HAL_Driver/Src/stm32f3xx_hal_rcc_ex.o
 .comment       0x0000000000000053       0x54 Drivers/STM32F3xx_HAL_Driver/Src/stm32f3xx_hal_spi.o
 .comment       0x0000000000000053       0x54 Drivers/STM32F3xx_HAL_Driver/Src/stm32f3xx_hal_uart.o
 .comment       0x0000000000000053       0x54 Drivers/STM32F3xx_HAL_Driver/Src/stm32f3xx_hal_uart_ex.o
 .comment       0x0000000000000053       0x54 Drivers/STM32F3xx_HAL_Driver/Src/stm32f3xx_ll_usb.o
 .comment       0x0000000000000053       0x54 OS/os.o

.debug_frame    0x0000000000000000     0x3e94
 .debug_frame   0x0000000000000000      0x1dc Core/Src/main.o
 .debug_frame   0x00000000000001dc      0x154 Core/Src/stm32f3xx_hal_msp.o
 .debug_frame   0x0000000000000330      0x10c Core/Src/stm32f3xx_it.o
 .debug_frame   0x000000000000043c       0x58 Core/Src/system_stm32f3xx.o
 .debug_frame   0x0000000000000494      0x334 Drivers/STM32F3xx_HAL_Driver/Src/stm32f3xx_hal.o
 .debug_frame   0x00000000000007c8      0x498 Drivers/STM32F3xx_HAL_Driver/Src/stm32f3xx_hal_cortex.o
 .debug_frame   0x0000000000000c60      0x224 Drivers/STM32F3xx_HAL_Driver/Src/stm32f3xx_hal_dma.o
 .debug_frame   0x0000000000000e84      0x14c Drivers/STM32F3xx_HAL_Driver/Src/stm32f3xx_hal_gpio.o
 .debug_frame   0x0000000000000fd0      0xbe8 Drivers/STM32F3xx_HAL_Driver/Src/stm32f3xx_hal_i2c.o
 .debug_frame   0x0000000000001bb8      0x100 Drivers/STM32F3xx_HAL_Driver/Src/stm32f3xx_hal_i2c_ex.o
 .debug_frame   0x0000000000001cb8      0x578 Drivers/STM32F3xx_HAL_Driver/Src/stm32f3xx_hal_pcd.o
 .debug_frame   0x0000000000002230      0x214 Drivers/STM32F3xx_HAL_Driver/Src/stm32f3xx_hal_rcc.o
 .debug_frame   0x0000000000002444       0xb4 Drivers/STM32F3xx_HAL_Driver/Src/stm32f3xx_hal_rcc_ex.o
 .debug_frame   0x00000000000024f8      0x860 Drivers/STM32F3xx_HAL_Driver/Src/stm32f3xx_hal_spi.o
 .debug_frame   0x0000000000002d58      0x9e0 Drivers/STM32F3xx_HAL_Driver/Src/stm32f3xx_hal_uart.o
 .debug_frame   0x0000000000003738      0x18c Drivers/STM32F3xx_HAL_Driver/Src/stm32f3xx_hal_uart_ex.o
 .debug_frame   0x00000000000038c4      0x310 Drivers/STM32F3xx_HAL_Driver/Src/stm32f3xx_ll_usb.o
 .debug_frame   0x0000000000003bd4      0x274 OS/os.o
 .debug_frame   0x0000000000003e48       0x2c c:/program files/stm32cubeide_1.6.1/stm32cubeide/plugins/com.st.stm32cube.ide.mcu.externaltools.gnu-tools-for-stm32.9-2020-q2-update.win32_1.5.0.202011040924/tools/bin/../lib/gcc/arm-none-eabi/9.3.1/../../../../arm-none-eabi/lib/thumb/v7e-m+fp/hard\libc_nano.a(lib_a-init.o)
 .debug_frame   0x0000000000003e74       0x20 c:/program files/stm32cubeide_1.6.1/stm32cubeide/plugins/com.st.stm32cube.ide.mcu.externaltools.gnu-tools-for-stm32.9-2020-q2-update.win32_1.5.0.202011040924/tools/bin/../lib/gcc/arm-none-eabi/9.3.1/../../../../arm-none-eabi/lib/thumb/v7e-m+fp/hard\libc_nano.a(lib_a-memset.o)
