Archive member included to satisfy reference by file (symbol)

/opt/st/stm32cubeide_1.2.0/plugins/com.st.stm32cube.ide.mcu.externaltools.gnu-tools-for-stm32.7-2018-q2-update.linux64_1.0.0.201904181610/tools/bin/../lib/gcc/arm-none-eabi/7.3.1/../../../../arm-none-eabi/lib/thumb/v7e-m/fpv4-sp/hard/libc_nano.a(lib_a-errno.o)
                              Core/Src/syscalls.o (__errno)
/opt/st/stm32cubeide_1.2.0/plugins/com.st.stm32cube.ide.mcu.externaltools.gnu-tools-for-stm32.7-2018-q2-update.linux64_1.0.0.201904181610/tools/bin/../lib/gcc/arm-none-eabi/7.3.1/../../../../arm-none-eabi/lib/thumb/v7e-m/fpv4-sp/hard/libc_nano.a(lib_a-exit.o)
                              /opt/st/stm32cubeide_1.2.0/plugins/com.st.stm32cube.ide.mcu.externaltools.gnu-tools-for-stm32.7-2018-q2-update.linux64_1.0.0.201904181610/tools/bin/../lib/gcc/arm-none-eabi/7.3.1/../../../../arm-none-eabi/lib/thumb/v7e-m/fpv4-sp/hard/crt0.o (exit)
/opt/st/stm32cubeide_1.2.0/plugins/com.st.stm32cube.ide.mcu.externaltools.gnu-tools-for-stm32.7-2018-q2-update.linux64_1.0.0.201904181610/tools/bin/../lib/gcc/arm-none-eabi/7.3.1/../../../../arm-none-eabi/lib/thumb/v7e-m/fpv4-sp/hard/libc_nano.a(lib_a-impure.o)
                              /opt/st/stm32cubeide_1.2.0/plugins/com.st.stm32cube.ide.mcu.externaltools.gnu-tools-for-stm32.7-2018-q2-update.linux64_1.0.0.201904181610/tools/bin/../lib/gcc/arm-none-eabi/7.3.1/../../../../arm-none-eabi/lib/thumb/v7e-m/fpv4-sp/hard/libc_nano.a(lib_a-exit.o) (_global_impure_ptr)
/opt/st/stm32cubeide_1.2.0/plugins/com.st.stm32cube.ide.mcu.externaltools.gnu-tools-for-stm32.7-2018-q2-update.linux64_1.0.0.201904181610/tools/bin/../lib/gcc/arm-none-eabi/7.3.1/../../../../arm-none-eabi/lib/thumb/v7e-m/fpv4-sp/hard/libc_nano.a(lib_a-init.o)
                              /opt/st/stm32cubeide_1.2.0/plugins/com.st.stm32cube.ide.mcu.externaltools.gnu-tools-for-stm32.7-2018-q2-update.linux64_1.0.0.201904181610/tools/bin/../lib/gcc/arm-none-eabi/7.3.1/../../../../arm-none-eabi/lib/thumb/v7e-m/fpv4-sp/hard/crt0.o (__libc_init_array)
/opt/st/stm32cubeide_1.2.0/plugins/com.st.stm32cube.ide.mcu.externaltools.gnu-tools-for-stm32.7-2018-q2-update.linux64_1.0.0.201904181610/tools/bin/../lib/gcc/arm-none-eabi/7.3.1/../../../../arm-none-eabi/lib/thumb/v7e-m/fpv4-sp/hard/libc_nano.a(lib_a-memset.o)
                              /opt/st/stm32cubeide_1.2.0/plugins/com.st.stm32cube.ide.mcu.externaltools.gnu-tools-for-stm32.7-2018-q2-update.linux64_1.0.0.201904181610/tools/bin/../lib/gcc/arm-none-eabi/7.3.1/../../../../arm-none-eabi/lib/thumb/v7e-m/fpv4-sp/hard/crt0.o (memset)

Allocating common symbols
Common symbol       size              file

Stacks              0x960             OS/os.o
hi2c1               0x4c              Core/Src/main.o
LostData            0x4               OS/os.o
uwTick              0x4               Drivers/STM32F3xx_HAL_Driver/Src/stm32f3xx_hal.o
pFlash              0x20              Drivers/STM32F3xx_HAL_Driver/Src/stm32f3xx_hal_flash.o
sCD                 0x4               Core/Src/main.o
PutI                0x4               OS/os.o
CurrentSize         0x4               OS/os.o
CountE              0x4               Core/Src/main.o
CountB              0x4               Core/Src/main.o
sAB                 0x4               Core/Src/main.o
sEF                 0x4               Core/Src/main.o
tcbs                0x60              OS/os.o
CountD              0x4               Core/Src/main.o
hspi1               0x64              Core/Src/main.o
CountA              0x4               Core/Src/main.o
GetI                0x4               OS/os.o
huart2              0x84              Core/Src/main.o
CountF              0x4               Core/Src/main.o
Fifo                0x28              OS/os.o
hpcd_USB_FS         0x2ec             Core/Src/main.o
RunPt               0x4               OS/os.o
CountC              0x4               Core/Src/main.o

Discarded input sections

 .text          0x0000000000000000        0x0 /opt/st/stm32cubeide_1.2.0/plugins/com.st.stm32cube.ide.mcu.externaltools.gnu-tools-for-stm32.7-2018-q2-update.linux64_1.0.0.201904181610/tools/bin/../lib/gcc/arm-none-eabi/7.3.1/thumb/v7e-m/fpv4-sp/hard/crti.o
 .data          0x0000000000000000        0x0 /opt/st/stm32cubeide_1.2.0/plugins/com.st.stm32cube.ide.mcu.externaltools.gnu-tools-for-stm32.7-2018-q2-update.linux64_1.0.0.201904181610/tools/bin/../lib/gcc/arm-none-eabi/7.3.1/thumb/v7e-m/fpv4-sp/hard/crti.o
 .bss           0x0000000000000000        0x0 /opt/st/stm32cubeide_1.2.0/plugins/com.st.stm32cube.ide.mcu.externaltools.gnu-tools-for-stm32.7-2018-q2-update.linux64_1.0.0.201904181610/tools/bin/../lib/gcc/arm-none-eabi/7.3.1/thumb/v7e-m/fpv4-sp/hard/crti.o
 .data          0x0000000000000000        0x4 /opt/st/stm32cubeide_1.2.0/plugins/com.st.stm32cube.ide.mcu.externaltools.gnu-tools-for-stm32.7-2018-q2-update.linux64_1.0.0.201904181610/tools/bin/../lib/gcc/arm-none-eabi/7.3.1/thumb/v7e-m/fpv4-sp/hard/crtbegin.o
[...]
Memory Configuration

Name             Origin             Length             Attributes
CCMRAM           0x0000000010000000 0x0000000000002000 xrw
RAM              0x0000000020000000 0x000000000000a000 xrw
FLASH            0x0000000008000000 0x0000000000040000 xr
*default*        0x0000000000000000 0xffffffffffffffff

Linker script and memory map

LOAD /opt/st/stm32cubeide_1.2.0/plugins/com.st.stm32cube.ide.mcu.externaltools.gnu-tools-for-stm32.7-2018-q2-update.linux64_1.0.0.201904181610/tools/bin/../lib/gcc/arm-none-eabi/7.3.1/thumb/v7e-m/fpv4-sp/hard/crti.o
LOAD /opt/st/stm32cubeide_1.2.0/plugins/com.st.stm32cube.ide.mcu.externaltools.gnu-tools-for-stm32.7-2018-q2-update.linux64_1.0.0.201904181610/tools/bin/../lib/gcc/arm-none-eabi/7.3.1/thumb/v7e-m/fpv4-sp/hard/crtbegin.o
LOAD /opt/st/stm32cubeide_1.2.0/plugins/com.st.stm32cube.ide.mcu.externaltools.gnu-tools-for-stm32.7-2018-q2-update.linux64_1.0.0.201904181610/tools/bin/../lib/gcc/arm-none-eabi/7.3.1/../../../../arm-none-eabi/lib/thumb/v7e-m/fpv4-sp/hard/crt0.o
LOAD Core/Src/main.o
LOAD Core/Src/stm32f3xx_hal_msp.o
LOAD Core/Src/stm32f3xx_it.o
LOAD Core/Src/syscalls.o
LOAD Core/Src/sysmem.o
LOAD Core/Src/system_stm32f3xx.o
LOAD Core/Startup/startup_stm32f303vctx.o
LOAD Drivers/STM32F3xx_HAL_Driver/Src/stm32f3xx_hal.o
LOAD Drivers/STM32F3xx_HAL_Driver/Src/stm32f3xx_hal_cortex.o
LOAD Drivers/STM32F3xx_HAL_Driver/Src/stm32f3xx_hal_dma.o
LOAD Drivers/STM32F3xx_HAL_Driver/Src/stm32f3xx_hal_exti.o
LOAD Drivers/STM32F3xx_HAL_Driver/Src/stm32f3xx_hal_flash.o
LOAD Drivers/STM32F3xx_HAL_Driver/Src/stm32f3xx_hal_flash_ex.o
LOAD Drivers/STM32F3xx_HAL_Driver/Src/stm32f3xx_hal_gpio.o
LOAD Drivers/STM32F3xx_HAL_Driver/Src/stm32f3xx_hal_i2c.o
LOAD Drivers/STM32F3xx_HAL_Driver/Src/stm32f3xx_hal_i2c_ex.o
LOAD Drivers/STM32F3xx_HAL_Driver/Src/stm32f3xx_hal_pcd.o
LOAD Drivers/STM32F3xx_HAL_Driver/Src/stm32f3xx_hal_pcd_ex.o
LOAD Drivers/STM32F3xx_HAL_Driver/Src/stm32f3xx_hal_pwr.o
LOAD Drivers/STM32F3xx_HAL_Driver/Src/stm32f3xx_hal_pwr_ex.o
LOAD Drivers/STM32F3xx_HAL_Driver/Src/stm32f3xx_hal_rcc.o
LOAD Drivers/STM32F3xx_HAL_Driver/Src/stm32f3xx_hal_rcc_ex.o
LOAD Drivers/STM32F3xx_HAL_Driver/Src/stm32f3xx_hal_spi.o
LOAD Drivers/STM32F3xx_HAL_Driver/Src/stm32f3xx_hal_spi_ex.o
LOAD Drivers/STM32F3xx_HAL_Driver/Src/stm32f3xx_hal_tim.o
LOAD Drivers/STM32F3xx_HAL_Driver/Src/stm32f3xx_hal_tim_ex.o
LOAD Drivers/STM32F3xx_HAL_Driver/Src/stm32f3xx_hal_uart.o
LOAD Drivers/STM32F3xx_HAL_Driver/Src/stm32f3xx_hal_uart_ex.o
LOAD Drivers/STM32F3xx_HAL_Driver/Src/stm32f3xx_ll_usb.o
LOAD OS/os.o
LOAD OS/osasm.o
START GROUP
LOAD /opt/st/stm32cubeide_1.2.0/plugins/com.st.stm32cube.ide.mcu.externaltools.gnu-tools-for-stm32.7-2018-q2-update.linux64_1.0.0.201904181610/tools/bin/../lib/gcc/arm-none-eabi/7.3.1/../../../../arm-none-eabi/lib/thumb/v7e-m/fpv4-sp/hard/libc_nano.a
LOAD /opt/st/stm32cubeide_1.2.0/plugins/com.st.stm32cube.ide.mcu.externaltools.gnu-tools-for-stm32.7-2018-q2-update.linux64_1.0.0.201904181610/tools/bin/../lib/gcc/arm-none-eabi/7.3.1/../../../../arm-none-eabi/lib/thumb/v7e-m/fpv4-sp/hard/libm.a
END GROUP
START GROUP
LOAD /opt/st/stm32cubeide_1.2.0/plugins/com.st.stm32cube.ide.mcu.externaltools.gnu-tools-for-stm32.7-2018-q2-update.linux64_1.0.0.201904181610/tools/bin/../lib/gcc/arm-none-eabi/7.3.1/thumb/v7e-m/fpv4-sp/hard/libgcc.a
LOAD /opt/st/stm32cubeide_1.2.0/plugins/com.st.stm32cube.ide.mcu.externaltools.gnu-tools-for-stm32.7-2018-q2-update.linux64_1.0.0.201904181610/tools/bin/../lib/gcc/arm-none-eabi/7.3.1/../../../../arm-none-eabi/lib/thumb/v7e-m/fpv4-sp/hard/libc_nano.a
END GROUP
START GROUP
LOAD /opt/st/stm32cubeide_1.2.0/plugins/com.st.stm32cube.ide.mcu.externaltools.gnu-tools-for-stm32.7-2018-q2-update.linux64_1.0.0.201904181610/tools/bin/../lib/gcc/arm-none-eabi/7.3.1/thumb/v7e-m/fpv4-sp/hard/libgcc.a
LOAD /opt/st/stm32cubeide_1.2.0/plugins/com.st.stm32cube.ide.mcu.externaltools.gnu-tools-for-stm32.7-2018-q2-update.linux64_1.0.0.201904181610/tools/bin/../lib/gcc/arm-none-eabi/7.3.1/../../../../arm-none-eabi/lib/thumb/v7e-m/fpv4-sp/hard/libc_nano.a
LOAD /opt/st/stm32cubeide_1.2.0/plugins/com.st.stm32cube.ide.mcu.externaltools.gnu-tools-for-stm32.7-2018-q2-update.linux64_1.0.0.201904181610/tools/bin/../lib/gcc/arm-none-eabi/7.3.1/../../../../arm-none-eabi/lib/thumb/v7e-m/fpv4-sp/hard/libnosys.a
END GROUP
START GROUP
LOAD /opt/st/stm32cubeide_1.2.0/plugins/com.st.stm32cube.ide.mcu.externaltools.gnu-tools-for-stm32.7-2018-q2-update.linux64_1.0.0.201904181610/tools/bin/../lib/gcc/arm-none-eabi/7.3.1/thumb/v7e-m/fpv4-sp/hard/libgcc.a
LOAD /opt/st/stm32cubeide_1.2.0/plugins/com.st.stm32cube.ide.mcu.externaltools.gnu-tools-for-stm32.7-2018-q2-update.linux64_1.0.0.201904181610/tools/bin/../lib/gcc/arm-none-eabi/7.3.1/../../../../arm-none-eabi/lib/thumb/v7e-m/fpv4-sp/hard/libc_nano.a
LOAD /opt/st/stm32cubeide_1.2.0/plugins/com.st.stm32cube.ide.mcu.externaltools.gnu-tools-for-stm32.7-2018-q2-update.linux64_1.0.0.201904181610/tools/bin/../lib/gcc/arm-none-eabi/7.3.1/../../../../arm-none-eabi/lib/thumb/v7e-m/fpv4-sp/hard/libnosys.a
END GROUP
LOAD /opt/st/stm32cubeide_1.2.0/plugins/com.st.stm32cube.ide.mcu.externaltools.gnu-tools-for-stm32.7-2018-q2-update.linux64_1.0.0.201904181610/tools/bin/../lib/gcc/arm-none-eabi/7.3.1/thumb/v7e-m/fpv4-sp/hard/crtend.o
LOAD /opt/st/stm32cubeide_1.2.0/plugins/com.st.stm32cube.ide.mcu.externaltools.gnu-tools-for-stm32.7-2018-q2-update.linux64_1.0.0.201904181610/tools/bin/../lib/gcc/arm-none-eabi/7.3.1/thumb/v7e-m/fpv4-sp/hard/crtn.o
                0x000000002000a000                _estack = (ORIGIN (RAM) + LENGTH (RAM))
                0x0000000000000200                _Min_Heap_Size = 0x200
                0x0000000000000400                _Min_Stack_Size = 0x400

.isr_vector     0x0000000008000000      0x188
                0x0000000008000000                . = ALIGN (0x4)
 *(.isr_vector)
 .isr_vector    0x0000000008000000      0x188 Core/Startup/startup_stm32f303vctx.o
                0x0000000008000000                g_pfnVectors
                0x0000000008000188                . = ALIGN (0x4)

.text           0x0000000008000188     0x3cec
                0x0000000008000188                . = ALIGN (0x4)
 *(.text)
 .text          0x0000000008000188       0x40 /opt/st/stm32cubeide_1.2.0/plugins/com.st.stm32cube.ide.mcu.externaltools.gnu-tools-for-stm32.7-2018-q2-update.linux64_1.0.0.201904181610/tools/bin/../lib/gcc/arm-none-eabi/7.3.1/thumb/v7e-m/fpv4-sp/hard/crtbegin.o
 .text          0x00000000080001c8       0x58 OS/osasm.o
                0x00000000080001c8                SysTick_Handler
                0x00000000080001ee                StartOS
                0x000000000800020c                StartCritical
                0x0000000008000214                EndCritical
 *(.text*)
 .text.Delay_ms
                0x0000000008000220       0x3e Core/Src/main.o
                0x0000000008000220                Delay_ms
 *fill*         0x000000000800025e        0x2 
 .text.TaskA    0x0000000008000260       0x38 Core/Src/main.o
                0x0000000008000260                TaskA
 .text.TaskB    0x0000000008000298       0x34 Core/Src/main.o
                0x0000000008000298                TaskB
 .text.TaskC    0x00000000080002cc       0x34 Core/Src/main.o
                0x00000000080002cc                TaskC
 .text.TaskD    0x0000000008000300       0x34 Core/Src/main.o
                0x0000000008000300                TaskD
 .text.TaskE    0x0000000008000334       0x34 Core/Src/main.o
                0x0000000008000334                TaskE
 .text.TaskF    0x0000000008000368       0x34 Core/Src/main.o
                0x0000000008000368                TaskF
 .text.main     0x000000000800039c       0x9c Core/Src/main.o
                0x000000000800039c                main
 .text.SystemClock_Config
                0x0000000008000438       0xc4 Core/Src/main.o
                0x0000000008000438                SystemClock_Config
 .text.MX_I2C1_Init
                0x00000000080004fc       0x80 Core/Src/main.o
 .text.MX_SPI1_Init
                0x000000000800057c       0x7c Core/Src/main.o
 .text.MX_USART2_UART_Init
                0x00000000080005f8       0x60 Core/Src/main.o
 .text.MX_USB_PCD_Init
                0x0000000008000658       0x44 Core/Src/main.o
 .text.MX_GPIO_Init
                0x000000000800069c      0x100 Core/Src/main.o
 .text.Error_Handler
                0x000000000800079c        0xe Core/Src/main.o
                0x000000000800079c                Error_Handler
 *fill*         0x00000000080007aa        0x2 
 .text.HAL_MspInit
                0x00000000080007ac       0x48 Core/Src/stm32f3xx_hal_msp.o
                0x00000000080007ac                HAL_MspInit
 .text.HAL_I2C_MspInit
                0x00000000080007f4       0x88 Core/Src/stm32f3xx_hal_msp.o
                0x00000000080007f4                HAL_I2C_MspInit
 .text.HAL_SPI_MspInit
                0x000000000800087c       0x84 Core/Src/stm32f3xx_hal_msp.o
                0x000000000800087c                HAL_SPI_MspInit
 .text.HAL_UART_MspInit
                0x0000000008000900       0x94 Core/Src/stm32f3xx_hal_msp.o
                0x0000000008000900                HAL_UART_MspInit
 .text.HAL_PCD_MspInit
                0x0000000008000994       0x88 Core/Src/stm32f3xx_hal_msp.o
                0x0000000008000994                HAL_PCD_MspInit
 .text.NMI_Handler
                0x0000000008000a1c        0xe Core/Src/stm32f3xx_it.o
                0x0000000008000a1c                NMI_Handler
 .text.HardFault_Handler
                0x0000000008000a2a        0x6 Core/Src/stm32f3xx_it.o
                0x0000000008000a2a                HardFault_Handler
 .text.MemManage_Handler
                0x0000000008000a30        0x6 Core/Src/stm32f3xx_it.o
                0x0000000008000a30                MemManage_Handler
 .text.BusFault_Handler
                0x0000000008000a36        0x6 Core/Src/stm32f3xx_it.o
                0x0000000008000a36                BusFault_Handler
 .text.UsageFault_Handler
                0x0000000008000a3c        0x6 Core/Src/stm32f3xx_it.o
                0x0000000008000a3c                UsageFault_Handler
 .text.SVC_Handler
                0x0000000008000a42        0xe Core/Src/stm32f3xx_it.o
                0x0000000008000a42                SVC_Handler
 .text.DebugMon_Handler
                0x0000000008000a50        0xe Core/Src/stm32f3xx_it.o
                0x0000000008000a50                DebugMon_Handler
 .text.PendSV_Handler
                0x0000000008000a5e        0xe Core/Src/stm32f3xx_it.o
                0x0000000008000a5e                PendSV_Handler
 .text.USART2_IRQHandler
                0x0000000008000a6c       0x14 Core/Src/stm32f3xx_it.o
                0x0000000008000a6c                USART2_IRQHandler
 .text.SystemInit
                0x0000000008000a80       0x24 Core/Src/system_stm32f3xx.o
                0x0000000008000a80                SystemInit
 .text.Reset_Handler
                0x0000000008000aa4       0x50 Core/Startup/startup_stm32f303vctx.o
                0x0000000008000aa4                Reset_Handler
 .text.Default_Handler
                0x0000000008000af4        0x2 Core/Startup/startup_stm32f303vctx.o
                0x0000000008000af4                RTC_Alarm_IRQHandler
                0x0000000008000af4                TIM8_TRG_COM_IRQHandler
                0x0000000008000af4                TIM8_CC_IRQHandler
                0x0000000008000af4                TIM1_CC_IRQHandler
                0x0000000008000af4                USB_HP_IRQHandler
                0x0000000008000af4                PVD_IRQHandler
                0x0000000008000af4                TAMP_STAMP_IRQHandler
                0x0000000008000af4                EXTI3_IRQHandler
                0x0000000008000af4                USB_HP_CAN_TX_IRQHandler
                0x0000000008000af4                EXTI0_IRQHandler
                0x0000000008000af4                I2C2_EV_IRQHandler
                0x0000000008000af4                FPU_IRQHandler
                0x0000000008000af4                TIM1_UP_TIM16_IRQHandler
                0x0000000008000af4                ADC1_2_IRQHandler
                0x0000000008000af4                SPI1_IRQHandler
                0x0000000008000af4                CAN_SCE_IRQHandler
                0x0000000008000af4                TIM6_DAC_IRQHandler
                0x0000000008000af4                TIM8_UP_IRQHandler
                0x0000000008000af4                DMA2_Channel2_IRQHandler
                0x0000000008000af4                DMA1_Channel4_IRQHandler
                0x0000000008000af4                USART3_IRQHandler
                0x0000000008000af4                DMA1_Channel7_IRQHandler
                0x0000000008000af4                UART5_IRQHandler
                0x0000000008000af4                ADC3_IRQHandler
                0x0000000008000af4                TIM4_IRQHandler
                0x0000000008000af4                CAN_RX1_IRQHandler
                0x0000000008000af4                DMA2_Channel1_IRQHandler
                0x0000000008000af4                I2C1_EV_IRQHandler
                0x0000000008000af4                DMA1_Channel6_IRQHandler
                0x0000000008000af4                UART4_IRQHandler
                0x0000000008000af4                DMA2_Channel4_IRQHandler
                0x0000000008000af4                TIM3_IRQHandler
                0x0000000008000af4                RCC_IRQHandler
                0x0000000008000af4                DMA1_Channel1_IRQHandler
                0x0000000008000af4                Default_Handler
                0x0000000008000af4                USBWakeUp_RMP_IRQHandler
                0x0000000008000af4                EXTI15_10_IRQHandler
                0x0000000008000af4                TIM7_IRQHandler
                0x0000000008000af4                EXTI9_5_IRQHandler
                0x0000000008000af4                RTC_WKUP_IRQHandler
                0x0000000008000af4                SPI2_IRQHandler
                0x0000000008000af4                USB_LP_CAN_RX0_IRQHandler
                0x0000000008000af4                DMA2_Channel5_IRQHandler
                0x0000000008000af4                DMA1_Channel5_IRQHandler
                0x0000000008000af4                USB_LP_IRQHandler
                0x0000000008000af4                EXTI4_IRQHandler
                0x0000000008000af4                TIM1_TRG_COM_TIM17_IRQHandler
                0x0000000008000af4                DMA1_Channel3_IRQHandler
                0x0000000008000af4                ADC4_IRQHandler
                0x0000000008000af4                WWDG_IRQHandler
                0x0000000008000af4                TIM2_IRQHandler
                0x0000000008000af4                COMP7_IRQHandler
                0x0000000008000af4                COMP1_2_3_IRQHandler
                0x0000000008000af4                EXTI1_IRQHandler
                0x0000000008000af4                COMP4_5_6_IRQHandler
                0x0000000008000af4                I2C2_ER_IRQHandler
                0x0000000008000af4                DMA1_Channel2_IRQHandler
                0x0000000008000af4                TIM8_BRK_IRQHandler
                0x0000000008000af4                FLASH_IRQHandler
                0x0000000008000af4                USART1_IRQHandler
                0x0000000008000af4                SPI3_IRQHandler
                0x0000000008000af4                I2C1_ER_IRQHandler
                0x0000000008000af4                USBWakeUp_IRQHandler
                0x0000000008000af4                DMA2_Channel3_IRQHandler
                0x0000000008000af4                EXTI2_TSC_IRQHandler
                0x0000000008000af4                TIM1_BRK_TIM15_IRQHandler
 *fill*         0x0000000008000af6        0x2 
 .text.HAL_Init
                0x0000000008000af8       0x24 Drivers/STM32F3xx_HAL_Driver/Src/stm32f3xx_hal.o
                0x0000000008000af8                HAL_Init
 .text.HAL_InitTick
                0x0000000008000b1c       0x60 Drivers/STM32F3xx_HAL_Driver/Src/stm32f3xx_hal.o
                0x0000000008000b1c                HAL_InitTick
 .text.HAL_GetTick
                0x0000000008000b7c       0x18 Drivers/STM32F3xx_HAL_Driver/Src/stm32f3xx_hal.o
                0x0000000008000b7c                HAL_GetTick
 .text.__NVIC_SetPriorityGrouping
                0x0000000008000b94       0x48 Drivers/STM32F3xx_HAL_Driver/Src/stm32f3xx_hal_cortex.o
 .text.__NVIC_GetPriorityGrouping
                0x0000000008000bdc       0x1c Drivers/STM32F3xx_HAL_Driver/Src/stm32f3xx_hal_cortex.o
 .text.__NVIC_EnableIRQ
                0x0000000008000bf8       0x3c Drivers/STM32F3xx_HAL_Driver/Src/stm32f3xx_hal_cortex.o
 .text.__NVIC_SetPriority
                0x0000000008000c34       0x54 Drivers/STM32F3xx_HAL_Driver/Src/stm32f3xx_hal_cortex.o
 .text.NVIC_EncodePriority
                0x0000000008000c88       0x66 Drivers/STM32F3xx_HAL_Driver/Src/stm32f3xx_hal_cortex.o
 *fill*         0x0000000008000cee        0x2 
 .text.SysTick_Config
                0x0000000008000cf0       0x44 Drivers/STM32F3xx_HAL_Driver/Src/stm32f3xx_hal_cortex.o
 .text.HAL_NVIC_SetPriorityGrouping
                0x0000000008000d34       0x16 Drivers/STM32F3xx_HAL_Driver/Src/stm32f3xx_hal_cortex.o
                0x0000000008000d34                HAL_NVIC_SetPriorityGrouping
 .text.HAL_NVIC_SetPriority
                0x0000000008000d4a       0x38 Drivers/STM32F3xx_HAL_Driver/Src/stm32f3xx_hal_cortex.o
                0x0000000008000d4a                HAL_NVIC_SetPriority
 .text.HAL_NVIC_EnableIRQ
                0x0000000008000d82       0x1c Drivers/STM32F3xx_HAL_Driver/Src/stm32f3xx_hal_cortex.o
                0x0000000008000d82                HAL_NVIC_EnableIRQ
 .text.HAL_SYSTICK_Config
                0x0000000008000d9e       0x18 Drivers/STM32F3xx_HAL_Driver/Src/stm32f3xx_hal_cortex.o
                0x0000000008000d9e                HAL_SYSTICK_Config
 .text.HAL_DMA_Abort
                0x0000000008000db6       0x72 Drivers/STM32F3xx_HAL_Driver/Src/stm32f3xx_hal_dma.o
                0x0000000008000db6                HAL_DMA_Abort
 .text.HAL_DMA_Abort_IT
                0x0000000008000e28       0x7c Drivers/STM32F3xx_HAL_Driver/Src/stm32f3xx_hal_dma.o
                0x0000000008000e28                HAL_DMA_Abort_IT
 .text.HAL_GPIO_Init
                0x0000000008000ea4      0x2f4 Drivers/STM32F3xx_HAL_Driver/Src/stm32f3xx_hal_gpio.o
                0x0000000008000ea4                HAL_GPIO_Init
 .text.HAL_GPIO_WritePin
                0x0000000008001198       0x30 Drivers/STM32F3xx_HAL_Driver/Src/stm32f3xx_hal_gpio.o
                0x0000000008001198                HAL_GPIO_WritePin
 .text.HAL_GPIO_TogglePin
                0x00000000080011c8       0x34 Drivers/STM32F3xx_HAL_Driver/Src/stm32f3xx_hal_gpio.o
                0x00000000080011c8                HAL_GPIO_TogglePin
 .text.HAL_I2C_Init
                0x00000000080011fc      0x11e Drivers/STM32F3xx_HAL_Driver/Src/stm32f3xx_hal_i2c.o
                0x00000000080011fc                HAL_I2C_Init
 .text.HAL_I2CEx_ConfigAnalogFilter
                0x000000000800131a       0x96 Drivers/STM32F3xx_HAL_Driver/Src/stm32f3xx_hal_i2c_ex.o
                0x000000000800131a                HAL_I2CEx_ConfigAnalogFilter
 .text.HAL_I2CEx_ConfigDigitalFilter
                0x00000000080013b0       0x98 Drivers/STM32F3xx_HAL_Driver/Src/stm32f3xx_hal_i2c_ex.o
                0x00000000080013b0                HAL_I2CEx_ConfigDigitalFilter
 .text.HAL_PCD_Init
                0x0000000008001448      0x1bc Drivers/STM32F3xx_HAL_Driver/Src/stm32f3xx_hal_pcd.o
                0x0000000008001448                HAL_PCD_Init
 .text.HAL_RCC_OscConfig
                0x0000000008001604      0xe10 Drivers/STM32F3xx_HAL_Driver/Src/stm32f3xx_hal_rcc.o
                0x0000000008001604                HAL_RCC_OscConfig
 .text.HAL_RCC_ClockConfig
                0x0000000008002414      0x2f8 Drivers/STM32F3xx_HAL_Driver/Src/stm32f3xx_hal_rcc.o
                0x0000000008002414                HAL_RCC_ClockConfig
 .text.HAL_RCC_GetSysClockFreq
                0x000000000800270c       0xd4 Drivers/STM32F3xx_HAL_Driver/Src/stm32f3xx_hal_rcc.o
                0x000000000800270c                HAL_RCC_GetSysClockFreq
 .text.HAL_RCC_GetHCLKFreq
                0x00000000080027e0       0x18 Drivers/STM32F3xx_HAL_Driver/Src/stm32f3xx_hal_rcc.o
                0x00000000080027e0                HAL_RCC_GetHCLKFreq
 .text.HAL_RCC_GetPCLK1Freq
                0x00000000080027f8       0x44 Drivers/STM32F3xx_HAL_Driver/Src/stm32f3xx_hal_rcc.o
                0x00000000080027f8                HAL_RCC_GetPCLK1Freq
 .text.HAL_RCC_GetPCLK2Freq
                0x000000000800283c       0x44 Drivers/STM32F3xx_HAL_Driver/Src/stm32f3xx_hal_rcc.o
                0x000000000800283c                HAL_RCC_GetPCLK2Freq
 .text.HAL_RCCEx_PeriphCLKConfig
                0x0000000008002880      0x360 Drivers/STM32F3xx_HAL_Driver/Src/stm32f3xx_hal_rcc_ex.o
                0x0000000008002880                HAL_RCCEx_PeriphCLKConfig
 .text.HAL_SPI_Init
                0x0000000008002be0      0x156 Drivers/STM32F3xx_HAL_Driver/Src/stm32f3xx_hal_spi.o
                0x0000000008002be0                HAL_SPI_Init
 .text.HAL_UART_Init
                0x0000000008002d36       0x9c Drivers/STM32F3xx_HAL_Driver/Src/stm32f3xx_hal_uart.o
                0x0000000008002d36                HAL_UART_Init
 *fill*         0x0000000008002dd2        0x2 
 .text.HAL_UART_IRQHandler
                0x0000000008002dd4      0x400 Drivers/STM32F3xx_HAL_Driver/Src/stm32f3xx_hal_uart.o
                0x0000000008002dd4                HAL_UART_IRQHandler
 .text.HAL_UART_TxCpltCallback
                0x00000000080031d4       0x14 Drivers/STM32F3xx_HAL_Driver/Src/stm32f3xx_hal_uart.o
                0x00000000080031d4                HAL_UART_TxCpltCallback
 .text.HAL_UART_ErrorCallback
                0x00000000080031e8       0x14 Drivers/STM32F3xx_HAL_Driver/Src/stm32f3xx_hal_uart.o
                0x00000000080031e8                HAL_UART_ErrorCallback
 .text.HAL_UARTEx_RxEventCallback
                0x00000000080031fc       0x18 Drivers/STM32F3xx_HAL_Driver/Src/stm32f3xx_hal_uart.o
                0x00000000080031fc                HAL_UARTEx_RxEventCallback
 .text.UART_SetConfig
                0x0000000008003214      0x3a4 Drivers/STM32F3xx_HAL_Driver/Src/stm32f3xx_hal_uart.o
                0x0000000008003214                UART_SetConfig
 .text.UART_AdvFeatureConfig
                0x00000000080035b8      0x144 Drivers/STM32F3xx_HAL_Driver/Src/stm32f3xx_hal_uart.o
                0x00000000080035b8                UART_AdvFeatureConfig
 .text.UART_CheckIdleState
                0x00000000080036fc       0x92 Drivers/STM32F3xx_HAL_Driver/Src/stm32f3xx_hal_uart.o
                0x00000000080036fc                UART_CheckIdleState
 .text.UART_WaitOnFlagUntilTimeout
                0x000000000800378e       0xf8 Drivers/STM32F3xx_HAL_Driver/Src/stm32f3xx_hal_uart.o
                0x000000000800378e                UART_WaitOnFlagUntilTimeout
 .text.UART_EndRxTransfer
                0x0000000008003886       0x5e Drivers/STM32F3xx_HAL_Driver/Src/stm32f3xx_hal_uart.o
 .text.UART_DMAAbortOnError
                0x00000000080038e4       0x2c Drivers/STM32F3xx_HAL_Driver/Src/stm32f3xx_hal_uart.o
 .text.UART_EndTransmit_IT
                0x0000000008003910       0x32 Drivers/STM32F3xx_HAL_Driver/Src/stm32f3xx_hal_uart.o
 .text.HAL_UARTEx_WakeupCallback
                0x0000000008003942       0x14 Drivers/STM32F3xx_HAL_Driver/Src/stm32f3xx_hal_uart_ex.o
                0x0000000008003942                HAL_UARTEx_WakeupCallback
 .text.USB_DisableGlobalInt
                0x0000000008003956       0x36 Drivers/STM32F3xx_HAL_Driver/Src/stm32f3xx_ll_usb.o
                0x0000000008003956                USB_DisableGlobalInt
 .text.USB_DevInit
                0x000000000800398c       0x42 Drivers/STM32F3xx_HAL_Driver/Src/stm32f3xx_ll_usb.o
                0x000000000800398c                USB_DevInit
 *fill*         0x00000000080039ce        0x2 
 .text.__NVIC_SetPriority
                0x00000000080039d0       0x54 OS/os.o
 .text.SysTick_Config
                0x0000000008003a24       0x44 OS/os.o
 .text.OS_Init  0x0000000008003a68       0x10 OS/os.o
                0x0000000008003a68                OS_Init
 .text.SetInitialStack
                0x0000000008003a78      0x1a0 OS/os.o
                0x0000000008003a78                SetInitialStack
 .text.OS_AddThreads
                0x0000000008003c18       0xe0 OS/os.o
                0x0000000008003c18                OS_AddThreads
 .text.OS_Launch
                0x0000000008003cf8       0x1a OS/os.o
                0x0000000008003cf8                OS_Launch
 *fill*         0x0000000008003d12        0x2 
 .text.Scheduler
                0x0000000008003d14       0x3c OS/os.o
                0x0000000008003d14                Scheduler
 .text.OS_Suspend
                0x0000000008003d50        0xe OS/os.o
                0x0000000008003d50                OS_Suspend
 .text.OS_InitSemaphore
                0x0000000008003d5e       0x1c OS/os.o
                0x0000000008003d5e                OS_InitSemaphore
 *fill*         0x0000000008003d7a        0x2 
 .text.OS_Wait  0x0000000008003d7c       0x38 OS/os.o
                0x0000000008003d7c                OS_Wait
 .text.OS_Signal
                0x0000000008003db4       0x50 OS/os.o
                0x0000000008003db4                OS_Signal
 .text.__libc_init_array
                0x0000000008003e04       0x48 /opt/st/stm32cubeide_1.2.0/plugins/com.st.stm32cube.ide.mcu.externaltools.gnu-tools-for-stm32.7-2018-q2-update.linux64_1.0.0.201904181610/tools/bin/../lib/gcc/arm-none-eabi/7.3.1/../../../../arm-none-eabi/lib/thumb/v7e-m/fpv4-sp/hard/libc_nano.a(lib_a-init.o)
                0x0000000008003e04                __libc_init_array
 .text.memset   0x0000000008003e4c       0x10 /opt/st/stm32cubeide_1.2.0/plugins/com.st.stm32cube.ide.mcu.externaltools.gnu-tools-for-stm32.7-2018-q2-update.linux64_1.0.0.201904181610/tools/bin/../lib/gcc/arm-none-eabi/7.3.1/../../../../arm-none-eabi/lib/thumb/v7e-m/fpv4-sp/hard/libc_nano.a(lib_a-memset.o)
                0x0000000008003e4c                memset
 *(.glue_7)
 .glue_7        0x0000000008003e5c        0x0 linker stubs
 *(.glue_7t)
 .glue_7t       0x0000000008003e5c        0x0 linker stubs
 *(.eh_frame)
 .eh_frame      0x0000000008003e5c        0x0 /opt/st/stm32cubeide_1.2.0/plugins/com.st.stm32cube.ide.mcu.externaltools.gnu-tools-for-stm32.7-2018-q2-update.linux64_1.0.0.201904181610/tools/bin/../lib/gcc/arm-none-eabi/7.3.1/thumb/v7e-m/fpv4-sp/hard/crtbegin.o
 *(.init)
 .init          0x0000000008003e5c        0x4 /opt/st/stm32cubeide_1.2.0/plugins/com.st.stm32cube.ide.mcu.externaltools.gnu-tools-for-stm32.7-2018-q2-update.linux64_1.0.0.201904181610/tools/bin/../lib/gcc/arm-none-eabi/7.3.1/thumb/v7e-m/fpv4-sp/hard/crti.o
                0x0000000008003e5c                _init
 .init          0x0000000008003e60        0x8 /opt/st/stm32cubeide_1.2.0/plugins/com.st.stm32cube.ide.mcu.externaltools.gnu-tools-for-stm32.7-2018-q2-update.linux64_1.0.0.201904181610/tools/bin/../lib/gcc/arm-none-eabi/7.3.1/thumb/v7e-m/fpv4-sp/hard/crtn.o
 *(.fini)
 .fini          0x0000000008003e68        0x4 /opt/st/stm32cubeide_1.2.0/plugins/com.st.stm32cube.ide.mcu.externaltools.gnu-tools-for-stm32.7-2018-q2-update.linux64_1.0.0.201904181610/tools/bin/../lib/gcc/arm-none-eabi/7.3.1/thumb/v7e-m/fpv4-sp/hard/crti.o
                0x0000000008003e68                _fini
 .fini          0x0000000008003e6c        0x8 /opt/st/stm32cubeide_1.2.0/plugins/com.st.stm32cube.ide.mcu.externaltools.gnu-tools-for-stm32.7-2018-q2-update.linux64_1.0.0.201904181610/tools/bin/../lib/gcc/arm-none-eabi/7.3.1/thumb/v7e-m/fpv4-sp/hard/crtn.o
                0x0000000008003e74                . = ALIGN (0x4)
                0x0000000008003e74                _etext = .

.vfp11_veneer   0x0000000008003e74        0x0
 .vfp11_veneer  0x0000000008003e74        0x0 linker stubs

.v4_bx          0x0000000008003e74        0x0
 .v4_bx         0x0000000008003e74        0x0 linker stubs

.iplt           0x0000000008003e74        0x0
 .iplt          0x0000000008003e74        0x0 /opt/st/stm32cubeide_1.2.0/plugins/com.st.stm32cube.ide.mcu.externaltools.gnu-tools-for-stm32.7-2018-q2-update.linux64_1.0.0.201904181610/tools/bin/../lib/gcc/arm-none-eabi/7.3.1/thumb/v7e-m/fpv4-sp/hard/crtbegin.o

.rodata         0x0000000008003e74       0x38
                0x0000000008003e74                . = ALIGN (0x4)
 *(.rodata)
 *(.rodata*)
 .rodata.AHBPrescTable
                0x0000000008003e74       0x10 Core/Src/system_stm32f3xx.o
                0x0000000008003e74                AHBPrescTable
 .rodata.APBPrescTable
                0x0000000008003e84        0x8 Core/Src/system_stm32f3xx.o
                0x0000000008003e84                APBPrescTable
 .rodata.aPLLMULFactorTable
                0x0000000008003e8c       0x10 Drivers/STM32F3xx_HAL_Driver/Src/stm32f3xx_hal_rcc.o
                0x0000000008003e8c                aPLLMULFactorTable
 .rodata.aPredivFactorTable
                0x0000000008003e9c       0x10 Drivers/STM32F3xx_HAL_Driver/Src/stm32f3xx_hal_rcc.o
                0x0000000008003e9c                aPredivFactorTable
                0x0000000008003eac                . = ALIGN (0x4)

.rel.dyn        0x0000000008003eac        0x0
 .rel.iplt      0x0000000008003eac        0x0 /opt/st/stm32cubeide_1.2.0/plugins/com.st.stm32cube.ide.mcu.externaltools.gnu-tools-for-stm32.7-2018-q2-update.linux64_1.0.0.201904181610/tools/bin/../lib/gcc/arm-none-eabi/7.3.1/thumb/v7e-m/fpv4-sp/hard/crtbegin.o

.ARM.extab      0x0000000008003eac        0x0
                0x0000000008003eac                . = ALIGN (0x4)
 *(.ARM.extab* .gnu.linkonce.armextab.*)
                0x0000000008003eac                . = ALIGN (0x4)

.ARM            0x0000000008003eac        0x0
                0x0000000008003eac                . = ALIGN (0x4)
                0x0000000008003eac                __exidx_start = .
 *(.ARM.exidx*)
                0x0000000008003eac                __exidx_end = .
                0x0000000008003eac                . = ALIGN (0x4)

.preinit_array  0x0000000008003eac        0x0
                0x0000000008003eac                . = ALIGN (0x4)
                0x0000000008003eac                PROVIDE (__preinit_array_start = .)
 *(.preinit_array*)
                0x0000000008003eac                PROVIDE (__preinit_array_end = .)
                0x0000000008003eac                . = ALIGN (0x4)

.init_array     0x0000000008003eac        0x4
                0x0000000008003eac                . = ALIGN (0x4)
                0x0000000008003eac                PROVIDE (__init_array_start = .)
 *(SORT_BY_NAME(.init_array.*))
 *(.init_array*)
 .init_array    0x0000000008003eac        0x4 /opt/st/stm32cubeide_1.2.0/plugins/com.st.stm32cube.ide.mcu.externaltools.gnu-tools-for-stm32.7-2018-q2-update.linux64_1.0.0.201904181610/tools/bin/../lib/gcc/arm-none-eabi/7.3.1/thumb/v7e-m/fpv4-sp/hard/crtbegin.o
                0x0000000008003eb0                PROVIDE (__init_array_end = .)
                0x0000000008003eb0                . = ALIGN (0x4)

.fini_array     0x0000000008003eb0        0x4
                0x0000000008003eb0                . = ALIGN (0x4)
                [!provide]                        PROVIDE (__fini_array_start = .)
 *(SORT_BY_NAME(.fini_array.*))
 *(.fini_array*)
 .fini_array    0x0000000008003eb0        0x4 /opt/st/stm32cubeide_1.2.0/plugins/com.st.stm32cube.ide.mcu.externaltools.gnu-tools-for-stm32.7-2018-q2-update.linux64_1.0.0.201904181610/tools/bin/../lib/gcc/arm-none-eabi/7.3.1/thumb/v7e-m/fpv4-sp/hard/crtbegin.o
                [!provide]                        PROVIDE (__fini_array_end = .)
                0x0000000008003eb4                . = ALIGN (0x4)
                0x0000000008003eb4                _sidata = LOADADDR (.data)

.data           0x0000000020000000        0xc load address 0x0000000008003eb4
                0x0000000020000000                . = ALIGN (0x4)
                0x0000000020000000                _sdata = .
 *(.data)
 *(.data*)
 .data.SystemCoreClock
                0x0000000020000000        0x4 Core/Src/system_stm32f3xx.o
                0x0000000020000000                SystemCoreClock
 .data.uwTickPrio
                0x0000000020000004        0x4 Drivers/STM32F3xx_HAL_Driver/Src/stm32f3xx_hal.o
                0x0000000020000004                uwTickPrio
 .data.uwTickFreq
                0x0000000020000008        0x1 Drivers/STM32F3xx_HAL_Driver/Src/stm32f3xx_hal.o
                0x0000000020000008                uwTickFreq
                0x000000002000000c                . = ALIGN (0x4)
 *fill*         0x0000000020000009        0x3 
                0x000000002000000c                _edata = .

.igot.plt       0x000000002000000c        0x0 load address 0x0000000008003ec0
 .igot.plt      0x000000002000000c        0x0 /opt/st/stm32cubeide_1.2.0/plugins/com.st.stm32cube.ide.mcu.externaltools.gnu-tools-for-stm32.7-2018-q2-update.linux64_1.0.0.201904181610/tools/bin/../lib/gcc/arm-none-eabi/7.3.1/thumb/v7e-m/fpv4-sp/hard/crtbegin.o
                0x000000002000000c                . = ALIGN (0x4)

.bss            0x000000002000000c      0xe60 load address 0x0000000008003ec0
                0x000000002000000c                _sbss = .
                0x000000002000000c                __bss_start__ = _sbss
 *(.bss)
 .bss           0x000000002000000c       0x1c /opt/st/stm32cubeide_1.2.0/plugins/com.st.stm32cube.ide.mcu.externaltools.gnu-tools-for-stm32.7-2018-q2-update.linux64_1.0.0.201904181610/tools/bin/../lib/gcc/arm-none-eabi/7.3.1/thumb/v7e-m/fpv4-sp/hard/crtbegin.o
 *(.bss*)
 *(COMMON)
 COMMON         0x0000000020000028      0x444 Core/Src/main.o
                0x0000000020000028                hi2c1
                0x0000000020000074                sCD
                0x0000000020000078                CountE
                0x000000002000007c                CountB
                0x0000000020000080                sAB
                0x0000000020000084                sEF
                0x0000000020000088                CountD
                0x000000002000008c                hspi1
                0x00000000200000f0                CountA
                0x00000000200000f4                huart2
                0x0000000020000178                CountF
                0x000000002000017c                hpcd_USB_FS
                0x0000000020000468                CountC
 COMMON         0x000000002000046c        0x4 Drivers/STM32F3xx_HAL_Driver/Src/stm32f3xx_hal.o
                0x000000002000046c                uwTick
 COMMON         0x0000000020000470      0x9fc OS/os.o
                0x0000000020000470                Stacks
                0x0000000020000dd0                LostData
                0x0000000020000dd4                PutI
                0x0000000020000dd8                CurrentSize
                0x0000000020000ddc                tcbs
                0x0000000020000e3c                GetI
                0x0000000020000e40                Fifo
                0x0000000020000e68                RunPt
                0x0000000020000e6c                . = ALIGN (0x4)
                0x0000000020000e6c                _ebss = .
                0x0000000020000e6c                __bss_end__ = _ebss

._user_heap_stack
                0x0000000020000e6c      0x604 load address 0x0000000008003ec0
                0x0000000020000e70                . = ALIGN (0x8)
 *fill*         0x0000000020000e6c        0x4 
                0x0000000020000e70                PROVIDE (end = .)
                [!provide]                        PROVIDE (_end = .)
                0x0000000020001070                . = (. + _Min_Heap_Size)
 *fill*         0x0000000020000e70      0x200 
                0x0000000020001470                . = (. + _Min_Stack_Size)
 *fill*         0x0000000020001070      0x400 
                0x0000000020001470                . = ALIGN (0x8)

/DISCARD/
 libc.a(*)
 libm.a(*)
 libgcc.a(*)

.ARM.attributes
                0x0000000000000000       0x30
 *(.ARM.attributes)
 .ARM.attributes
                0x0000000000000000       0x22 /opt/st/stm32cubeide_1.2.0/plugins/com.st.stm32cube.ide.mcu.externaltools.gnu-tools-for-stm32.7-2018-q2-update.linux64_1.0.0.201904181610/tools/bin/../lib/gcc/arm-none-eabi/7.3.1/thumb/v7e-m/fpv4-sp/hard/crti.o
 .ARM.attributes
                0x0000000000000022       0x34 /opt/st/stm32cubeide_1.2.0/plugins/com.st.stm32cube.ide.mcu.externaltools.gnu-tools-for-stm32.7-2018-q2-update.linux64_1.0.0.201904181610/tools/bin/../lib/gcc/arm-none-eabi/7.3.1/thumb/v7e-m/fpv4-sp/hard/crtbegin.o
 .ARM.attributes
                0x0000000000000056       0x39 Core/Src/main.o
 .ARM.attributes
                0x000000000000008f       0x39 Core/Src/stm32f3xx_hal_msp.o
 .ARM.attributes
                0x00000000000000c8       0x39 Core/Src/stm32f3xx_it.o
 .ARM.attributes
                0x0000000000000101       0x39 Core/Src/system_stm32f3xx.o
 .ARM.attributes
                0x000000000000013a       0x21 Core/Startup/startup_stm32f303vctx.o
 .ARM.attributes
                0x000000000000015b       0x39 Drivers/STM32F3xx_HAL_Driver/Src/stm32f3xx_hal.o
 .ARM.attributes
                0x0000000000000194       0x39 Drivers/STM32F3xx_HAL_Driver/Src/stm32f3xx_hal_cortex.o
 .ARM.attributes
                0x00000000000001cd       0x39 Drivers/STM32F3xx_HAL_Driver/Src/stm32f3xx_hal_dma.o
 .ARM.attributes
                0x0000000000000206       0x39 Drivers/STM32F3xx_HAL_Driver/Src/stm32f3xx_hal_gpio.o
 .ARM.attributes
                0x000000000000023f       0x39 Drivers/STM32F3xx_HAL_Driver/Src/stm32f3xx_hal_i2c.o
 .ARM.attributes
                0x0000000000000278       0x39 Drivers/STM32F3xx_HAL_Driver/Src/stm32f3xx_hal_i2c_ex.o
 .ARM.attributes
                0x00000000000002b1       0x39 Drivers/STM32F3xx_HAL_Driver/Src/stm32f3xx_hal_pcd.o
 .ARM.attributes
                0x00000000000002ea       0x39 Drivers/STM32F3xx_HAL_Driver/Src/stm32f3xx_hal_rcc.o
 .ARM.attributes
                0x0000000000000323       0x39 Drivers/STM32F3xx_HAL_Driver/Src/stm32f3xx_hal_rcc_ex.o
 .ARM.attributes
                0x000000000000035c       0x39 Drivers/STM32F3xx_HAL_Driver/Src/stm32f3xx_hal_spi.o
 .ARM.attributes
                0x0000000000000395       0x39 Drivers/STM32F3xx_HAL_Driver/Src/stm32f3xx_hal_uart.o
 .ARM.attributes
                0x00000000000003ce       0x39 Drivers/STM32F3xx_HAL_Driver/Src/stm32f3xx_hal_uart_ex.o
 .ARM.attributes
                0x0000000000000407       0x39 Drivers/STM32F3xx_HAL_Driver/Src/stm32f3xx_ll_usb.o
 .ARM.attributes
                0x0000000000000440       0x39 OS/os.o
 .ARM.attributes
                0x0000000000000479       0x21 OS/osasm.o
 .ARM.attributes
                0x000000000000049a       0x34 /opt/st/stm32cubeide_1.2.0/plugins/com.st.stm32cube.ide.mcu.externaltools.gnu-tools-for-stm32.7-2018-q2-update.linux64_1.0.0.201904181610/tools/bin/../lib/gcc/arm-none-eabi/7.3.1/../../../../arm-none-eabi/lib/thumb/v7e-m/fpv4-sp/hard/libc_nano.a(lib_a-init.o)
 .ARM.attributes
                0x00000000000004ce       0x34 /opt/st/stm32cubeide_1.2.0/plugins/com.st.stm32cube.ide.mcu.externaltools.gnu-tools-for-stm32.7-2018-q2-update.linux64_1.0.0.201904181610/tools/bin/../lib/gcc/arm-none-eabi/7.3.1/../../../../arm-none-eabi/lib/thumb/v7e-m/fpv4-sp/hard/libc_nano.a(lib_a-memset.o)
 .ARM.attributes
                0x0000000000000502       0x22 /opt/st/stm32cubeide_1.2.0/plugins/com.st.stm32cube.ide.mcu.externaltools.gnu-tools-for-stm32.7-2018-q2-update.linux64_1.0.0.201904181610/tools/bin/../lib/gcc/arm-none-eabi/7.3.1/thumb/v7e-m/fpv4-sp/hard/crtn.o
OUTPUT(os_test_f303.elf elf32-littlearm)

.debug_info     0x0000000000000000    0x10f5a
 .debug_info    0x0000000000000000     0x1704 Core/Src/main.o
 .debug_info    0x0000000000001704     0x1631 Core/Src/stm32f3xx_hal_msp.o
 .debug_info    0x0000000000002d35      0x73d Core/Src/stm32f3xx_it.o
 .debug_info    0x0000000000003472      0x45c Core/Src/system_stm32f3xx.o
 .debug_info    0x00000000000038ce       0x22 Core/Startup/startup_stm32f303vctx.o
 .debug_info    0x00000000000038f0      0x7e2 Drivers/STM32F3xx_HAL_Driver/Src/stm32f3xx_hal.o
 .debug_info    0x00000000000040d2      0xd99 Drivers/STM32F3xx_HAL_Driver/Src/stm32f3xx_hal_cortex.o
 .debug_info    0x0000000000004e6b      0x7cb Drivers/STM32F3xx_HAL_Driver/Src/stm32f3xx_hal_dma.o
 .debug_info    0x0000000000005636      0x70b Drivers/STM32F3xx_HAL_Driver/Src/stm32f3xx_hal_gpio.o
 .debug_info    0x0000000000005d41     0x1fe5 Drivers/STM32F3xx_HAL_Driver/Src/stm32f3xx_hal_i2c.o
 .debug_info    0x0000000000007d26      0x8de Drivers/STM32F3xx_HAL_Driver/Src/stm32f3xx_hal_i2c_ex.o
 .debug_info    0x0000000000008604     0x124b Drivers/STM32F3xx_HAL_Driver/Src/stm32f3xx_hal_pcd.o
 .debug_info    0x000000000000984f     0x180f Drivers/STM32F3xx_HAL_Driver/Src/stm32f3xx_hal_rcc.o
 .debug_info    0x000000000000b05e      0x6ad Drivers/STM32F3xx_HAL_Driver/Src/stm32f3xx_hal_rcc_ex.o
 .debug_info    0x000000000000b70b     0x167f Drivers/STM32F3xx_HAL_Driver/Src/stm32f3xx_hal_spi.o
 .debug_info    0x000000000000cd8a     0x16a2 Drivers/STM32F3xx_HAL_Driver/Src/stm32f3xx_hal_uart.o
 .debug_info    0x000000000000e42c      0xa11 Drivers/STM32F3xx_HAL_Driver/Src/stm32f3xx_hal_uart_ex.o
 .debug_info    0x000000000000ee3d     0x161e Drivers/STM32F3xx_HAL_Driver/Src/stm32f3xx_ll_usb.o
 .debug_info    0x000000000001045b      0xad9 OS/os.o
 .debug_info    0x0000000000010f34       0x26 OS/osasm.o

.debug_abbrev   0x0000000000000000     0x25c2
 .debug_abbrev  0x0000000000000000      0x294 Core/Src/main.o
 .debug_abbrev  0x0000000000000294      0x1f4 Core/Src/stm32f3xx_hal_msp.o
 .debug_abbrev  0x0000000000000488      0x149 Core/Src/stm32f3xx_it.o
 .debug_abbrev  0x00000000000005d1      0x12b Core/Src/system_stm32f3xx.o
 .debug_abbrev  0x00000000000006fc       0x12 Core/Startup/startup_stm32f303vctx.o
 .debug_abbrev  0x000000000000070e      0x1c7 Drivers/STM32F3xx_HAL_Driver/Src/stm32f3xx_hal.o
 .debug_abbrev  0x00000000000008d5      0x2fa Drivers/STM32F3xx_HAL_Driver/Src/stm32f3xx_hal_cortex.o
 .debug_abbrev  0x0000000000000bcf      0x1fe Drivers/STM32F3xx_HAL_Driver/Src/stm32f3xx_hal_dma.o
 .debug_abbrev  0x0000000000000dcd      0x1c0 Drivers/STM32F3xx_HAL_Driver/Src/stm32f3xx_hal_gpio.o
 .debug_abbrev  0x0000000000000f8d      0x22a Drivers/STM32F3xx_HAL_Driver/Src/stm32f3xx_hal_i2c.o
 .debug_abbrev  0x00000000000011b7      0x1b9 Drivers/STM32F3xx_HAL_Driver/Src/stm32f3xx_hal_i2c_ex.o
 .debug_abbrev  0x0000000000001370      0x282 Drivers/STM32F3xx_HAL_Driver/Src/stm32f3xx_hal_pcd.o
 .debug_abbrev  0x00000000000015f2      0x28c Drivers/STM32F3xx_HAL_Driver/Src/stm32f3xx_hal_rcc.o
 .debug_abbrev  0x000000000000187e      0x219 Drivers/STM32F3xx_HAL_Driver/Src/stm32f3xx_hal_rcc_ex.o
 .debug_abbrev  0x0000000000001a97      0x228 Drivers/STM32F3xx_HAL_Driver/Src/stm32f3xx_hal_spi.o
 .debug_abbrev  0x0000000000001cbf      0x215 Drivers/STM32F3xx_HAL_Driver/Src/stm32f3xx_hal_uart.o
 .debug_abbrev  0x0000000000001ed4      0x1e2 Drivers/STM32F3xx_HAL_Driver/Src/stm32f3xx_hal_uart_ex.o
 .debug_abbrev  0x00000000000020b6      0x22a Drivers/STM32F3xx_HAL_Driver/Src/stm32f3xx_ll_usb.o
 .debug_abbrev  0x00000000000022e0      0x2ce OS/os.o
 .debug_abbrev  0x00000000000025ae       0x14 OS/osasm.o

.debug_aranges  0x0000000000000000      0xf28
 .debug_aranges
                0x0000000000000000       0x98 Core/Src/main.o
 .debug_aranges
                0x0000000000000098       0x60 Core/Src/stm32f3xx_hal_msp.o
 .debug_aranges
                0x00000000000000f8       0x60 Core/Src/stm32f3xx_it.o
 .debug_aranges
                0x0000000000000158       0x28 Core/Src/system_stm32f3xx.o
 .debug_aranges
                0x0000000000000180       0x28 Core/Startup/startup_stm32f303vctx.o
 .debug_aranges
                0x00000000000001a8       0xe0 Drivers/STM32F3xx_HAL_Driver/Src/stm32f3xx_hal.o
 .debug_aranges
                0x0000000000000288      0x118 Drivers/STM32F3xx_HAL_Driver/Src/stm32f3xx_hal_cortex.o
 .debug_aranges
                0x00000000000003a0       0x88 Drivers/STM32F3xx_HAL_Driver/Src/stm32f3xx_hal_dma.o
 .debug_aranges
                0x0000000000000428       0x58 Drivers/STM32F3xx_HAL_Driver/Src/stm32f3xx_hal_gpio.o
 .debug_aranges
                0x0000000000000480      0x290 Drivers/STM32F3xx_HAL_Driver/Src/stm32f3xx_hal_i2c.o
 .debug_aranges
                0x0000000000000710       0x48 Drivers/STM32F3xx_HAL_Driver/Src/stm32f3xx_hal_i2c_ex.o
 .debug_aranges
                0x0000000000000758      0x138 Drivers/STM32F3xx_HAL_Driver/Src/stm32f3xx_hal_pcd.o
 .debug_aranges
                0x0000000000000890       0x88 Drivers/STM32F3xx_HAL_Driver/Src/stm32f3xx_hal_rcc.o
 .debug_aranges
                0x0000000000000918       0x38 Drivers/STM32F3xx_HAL_Driver/Src/stm32f3xx_hal_rcc_ex.o
 .debug_aranges
                0x0000000000000950      0x1d8 Drivers/STM32F3xx_HAL_Driver/Src/stm32f3xx_hal_spi.o
 .debug_aranges
                0x0000000000000b28      0x228 Drivers/STM32F3xx_HAL_Driver/Src/stm32f3xx_hal_uart.o
 .debug_aranges
                0x0000000000000d50       0x68 Drivers/STM32F3xx_HAL_Driver/Src/stm32f3xx_hal_uart_ex.o
 .debug_aranges
                0x0000000000000db8       0xb0 Drivers/STM32F3xx_HAL_Driver/Src/stm32f3xx_ll_usb.o
 .debug_aranges
                0x0000000000000e68       0xa0 OS/os.o
 .debug_aranges
                0x0000000000000f08       0x20 OS/osasm.o

.debug_ranges   0x0000000000000000      0xe10
 .debug_ranges  0x0000000000000000       0x88 Core/Src/main.o
 .debug_ranges  0x0000000000000088       0x50 Core/Src/stm32f3xx_hal_msp.o
 .debug_ranges  0x00000000000000d8       0x50 Core/Src/stm32f3xx_it.o
 .debug_ranges  0x0000000000000128       0x18 Core/Src/system_stm32f3xx.o
 .debug_ranges  0x0000000000000140       0x20 Core/Startup/startup_stm32f303vctx.o
 .debug_ranges  0x0000000000000160       0xd0 Drivers/STM32F3xx_HAL_Driver/Src/stm32f3xx_hal.o
 .debug_ranges  0x0000000000000230      0x108 Drivers/STM32F3xx_HAL_Driver/Src/stm32f3xx_hal_cortex.o
 .debug_ranges  0x0000000000000338       0x78 Drivers/STM32F3xx_HAL_Driver/Src/stm32f3xx_hal_dma.o
 .debug_ranges  0x00000000000003b0       0x48 Drivers/STM32F3xx_HAL_Driver/Src/stm32f3xx_hal_gpio.o
 .debug_ranges  0x00000000000003f8      0x280 Drivers/STM32F3xx_HAL_Driver/Src/stm32f3xx_hal_i2c.o
 .debug_ranges  0x0000000000000678       0x38 Drivers/STM32F3xx_HAL_Driver/Src/stm32f3xx_hal_i2c_ex.o
 .debug_ranges  0x00000000000006b0      0x128 Drivers/STM32F3xx_HAL_Driver/Src/stm32f3xx_hal_pcd.o
 .debug_ranges  0x00000000000007d8       0x78 Drivers/STM32F3xx_HAL_Driver/Src/stm32f3xx_hal_rcc.o
 .debug_ranges  0x0000000000000850       0x28 Drivers/STM32F3xx_HAL_Driver/Src/stm32f3xx_hal_rcc_ex.o
 .debug_ranges  0x0000000000000878      0x1c8 Drivers/STM32F3xx_HAL_Driver/Src/stm32f3xx_hal_spi.o
 .debug_ranges  0x0000000000000a40      0x248 Drivers/STM32F3xx_HAL_Driver/Src/stm32f3xx_hal_uart.o
 .debug_ranges  0x0000000000000c88       0x58 Drivers/STM32F3xx_HAL_Driver/Src/stm32f3xx_hal_uart_ex.o
 .debug_ranges  0x0000000000000ce0       0xa0 Drivers/STM32F3xx_HAL_Driver/Src/stm32f3xx_ll_usb.o
 .debug_ranges  0x0000000000000d80       0x90 OS/os.o

.debug_macro    0x0000000000000000    0x1d9f3
 .debug_macro   0x0000000000000000      0x215 Core/Src/main.o
 .debug_macro   0x0000000000000215      0xa5a Core/Src/main.o
 .debug_macro   0x0000000000000c6f      0x15d Core/Src/main.o
 .debug_macro   0x0000000000000dcc       0x2e Core/Src/main.o
 .debug_macro   0x0000000000000dfa       0x28 Core/Src/main.o
 .debug_macro   0x0000000000000e22       0x22 Core/Src/main.o
 .debug_macro   0x0000000000000e44       0x8e Core/Src/main.o
 .debug_macro   0x0000000000000ed2       0x51 Core/Src/main.o
 .debug_macro   0x0000000000000f23       0xef Core/Src/main.o
 .debug_macro   0x0000000000001012       0x6a Core/Src/main.o
 .debug_macro   0x000000000000107c      0x1df Core/Src/main.o
 .debug_macro   0x000000000000125b       0x1c Core/Src/main.o
 .debug_macro   0x0000000000001277       0x22 Core/Src/main.o
 .debug_macro   0x0000000000001299       0xdf Core/Src/main.o
 .debug_macro   0x0000000000001378     0x102d Core/Src/main.o
 .debug_macro   0x00000000000023a5      0x11f Core/Src/main.o
 .debug_macro   0x00000000000024c4    0x12a33 Core/Src/main.o
 .debug_macro   0x0000000000014ef7       0x43 Core/Src/main.o
 .debug_macro   0x0000000000014f3a     0x35e9 Core/Src/main.o
 .debug_macro   0x0000000000018523      0x174 Core/Src/main.o
 .debug_macro   0x0000000000018697       0x55 Core/Src/main.o
 .debug_macro   0x00000000000186ec      0x962 Core/Src/main.o
 .debug_macro   0x000000000001904e      0x5fe Core/Src/main.o
 .debug_macro   0x000000000001964c      0x12f Core/Src/main.o
 .debug_macro   0x000000000001977b      0x1fb Core/Src/main.o
 .debug_macro   0x0000000000019976      0x1dc Core/Src/main.o
 .debug_macro   0x0000000000019b52      0x1bc Core/Src/main.o
 .debug_macro   0x0000000000019d0e       0x30 Core/Src/main.o
 .debug_macro   0x0000000000019d3e       0x3c Core/Src/main.o
 .debug_macro   0x0000000000019d7a      0x236 Core/Src/main.o
 .debug_macro   0x0000000000019fb0       0xc5 Core/Src/main.o
 .debug_macro   0x000000000001a075      0x21d Core/Src/main.o
 .debug_macro   0x000000000001a292      0x22c Core/Src/main.o
 .debug_macro   0x000000000001a4be       0x5b Core/Src/main.o
 .debug_macro   0x000000000001a519       0xa5 Core/Src/main.o
 .debug_macro   0x000000000001a5be       0x65 Core/Src/main.o
 .debug_macro   0x000000000001a623      0x249 Core/Src/main.o
 .debug_macro   0x000000000001a86c       0x81 Core/Src/main.o
 .debug_macro   0x000000000001a8ed       0xd3 Core/Src/main.o
 .debug_macro   0x000000000001a9c0      0x2fe Core/Src/main.o
 .debug_macro   0x000000000001acbe      0x5a5 Core/Src/main.o
 .debug_macro   0x000000000001b263       0x3e Core/Src/main.o
 .debug_macro   0x000000000001b2a1      0x275 Core/Src/main.o
 .debug_macro   0x000000000001b516      0x160 Core/Src/main.o
 .debug_macro   0x000000000001b676      0x20b Core/Src/stm32f3xx_hal_msp.o
 .debug_macro   0x000000000001b881      0x215 Core/Src/stm32f3xx_it.o
 .debug_macro   0x000000000001ba96      0x1fc Core/Src/system_stm32f3xx.o
 .debug_macro   0x000000000001bc92      0x220 Drivers/STM32F3xx_HAL_Driver/Src/stm32f3xx_hal.o
 .debug_macro   0x000000000001beb2      0x1fc Drivers/STM32F3xx_HAL_Driver/Src/stm32f3xx_hal_cortex.o
 .debug_macro   0x000000000001c0ae      0x1fc Drivers/STM32F3xx_HAL_Driver/Src/stm32f3xx_hal_dma.o
 .debug_macro   0x000000000001c2aa      0x234 Drivers/STM32F3xx_HAL_Driver/Src/stm32f3xx_hal_gpio.o
 .debug_macro   0x000000000001c4de      0x2c1 Drivers/STM32F3xx_HAL_Driver/Src/stm32f3xx_hal_i2c.o
 .debug_macro   0x000000000001c79f      0x1fc Drivers/STM32F3xx_HAL_Driver/Src/stm32f3xx_hal_i2c_ex.o
 .debug_macro   0x000000000001c99b      0x208 Drivers/STM32F3xx_HAL_Driver/Src/stm32f3xx_hal_pcd.o
 .debug_macro   0x000000000001cba3      0x220 Drivers/STM32F3xx_HAL_Driver/Src/stm32f3xx_hal_rcc.o
 .debug_macro   0x000000000001cdc3      0x1fc Drivers/STM32F3xx_HAL_Driver/Src/stm32f3xx_hal_rcc_ex.o
 .debug_macro   0x000000000001cfbf      0x204 Drivers/STM32F3xx_HAL_Driver/Src/stm32f3xx_hal_spi.o
 .debug_macro   0x000000000001d1c3      0x219 Drivers/STM32F3xx_HAL_Driver/Src/stm32f3xx_hal_uart.o
 .debug_macro   0x000000000001d3dc      0x1fc Drivers/STM32F3xx_HAL_Driver/Src/stm32f3xx_hal_uart_ex.o
 .debug_macro   0x000000000001d5d8      0x1fc Drivers/STM32F3xx_HAL_Driver/Src/stm32f3xx_ll_usb.o
 .debug_macro   0x000000000001d7d4      0x21f OS/os.o

.debug_line     0x0000000000000000     0xd157
 .debug_line    0x0000000000000000      0x926 Core/Src/main.o
 .debug_line    0x0000000000000926      0x7cf Core/Src/stm32f3xx_hal_msp.o
 .debug_line    0x00000000000010f5      0x7b3 Core/Src/stm32f3xx_it.o
 .debug_line    0x00000000000018a8      0x72c Core/Src/system_stm32f3xx.o
 .debug_line    0x0000000000001fd4       0x88 Core/Startup/startup_stm32f303vctx.o
 .debug_line    0x000000000000205c      0x8e9 Drivers/STM32F3xx_HAL_Driver/Src/stm32f3xx_hal.o
 .debug_line    0x0000000000002945      0xa1f Drivers/STM32F3xx_HAL_Driver/Src/stm32f3xx_hal_cortex.o
 .debug_line    0x0000000000003364      0x929 Drivers/STM32F3xx_HAL_Driver/Src/stm32f3xx_hal_dma.o
 .debug_line    0x0000000000003c8d      0x89d Drivers/STM32F3xx_HAL_Driver/Src/stm32f3xx_hal_gpio.o
 .debug_line    0x000000000000452a     0x1af2 Drivers/STM32F3xx_HAL_Driver/Src/stm32f3xx_hal_i2c.o
 .debug_line    0x000000000000601c      0x853 Drivers/STM32F3xx_HAL_Driver/Src/stm32f3xx_hal_i2c_ex.o
 .debug_line    0x000000000000686f      0xcff Drivers/STM32F3xx_HAL_Driver/Src/stm32f3xx_hal_pcd.o
 .debug_line    0x000000000000756e      0xe62 Drivers/STM32F3xx_HAL_Driver/Src/stm32f3xx_hal_rcc.o
 .debug_line    0x00000000000083d0      0x9dd Drivers/STM32F3xx_HAL_Driver/Src/stm32f3xx_hal_rcc_ex.o
 .debug_line    0x0000000000008dad     0x11bf Drivers/STM32F3xx_HAL_Driver/Src/stm32f3xx_hal_spi.o
 .debug_line    0x0000000000009f6c     0x129c Drivers/STM32F3xx_HAL_Driver/Src/stm32f3xx_hal_uart.o
 .debug_line    0x000000000000b208      0x928 Drivers/STM32F3xx_HAL_Driver/Src/stm32f3xx_hal_uart_ex.o
 .debug_line    0x000000000000bb30      0xcf0 Drivers/STM32F3xx_HAL_Driver/Src/stm32f3xx_ll_usb.o
 .debug_line    0x000000000000c820      0x8d8 OS/os.o
 .debug_line    0x000000000000d0f8       0x5f OS/osasm.o

.debug_str      0x0000000000000000    0xb005a
 .debug_str     0x0000000000000000    0xac6d3 Core/Src/main.o
                                      0xace6a (size before relaxing)
 .debug_str     0x00000000000ac6d3      0x3ef Core/Src/stm32f3xx_hal_msp.o
                                      0xacfca (size before relaxing)
 .debug_str     0x00000000000acac2       0xbf Core/Src/stm32f3xx_it.o
                                      0xac387 (size before relaxing)
 .debug_str     0x00000000000acb81       0xb3 Core/Src/system_stm32f3xx.o
                                      0xabaae (size before relaxing)
 .debug_str     0x00000000000acc34       0x36 Core/Startup/startup_stm32f303vctx.o
                                         0x72 (size before relaxing)
 .debug_str     0x00000000000acc6a      0x2fb Drivers/STM32F3xx_HAL_Driver/Src/stm32f3xx_hal.o
                                      0xac24a (size before relaxing)
 .debug_str     0x00000000000acf65      0x393 Drivers/STM32F3xx_HAL_Driver/Src/stm32f3xx_hal_cortex.o
                                      0xac358 (size before relaxing)
 .debug_str     0x00000000000ad2f8      0x24d Drivers/STM32F3xx_HAL_Driver/Src/stm32f3xx_hal_dma.o
                                      0xabe28 (size before relaxing)
 .debug_str     0x00000000000ad545      0x224 Drivers/STM32F3xx_HAL_Driver/Src/stm32f3xx_hal_gpio.o
                                      0xabd14 (size before relaxing)
 .debug_str     0x00000000000ad769      0xdaf Drivers/STM32F3xx_HAL_Driver/Src/stm32f3xx_hal_i2c.o
                                      0xacd02 (size before relaxing)
 .debug_str     0x00000000000ae518       0xb8 Drivers/STM32F3xx_HAL_Driver/Src/stm32f3xx_hal_i2c_ex.o
                                      0xabfe5 (size before relaxing)
 .debug_str     0x00000000000ae5d0      0x3a5 Drivers/STM32F3xx_HAL_Driver/Src/stm32f3xx_hal_pcd.o
                                      0xac18c (size before relaxing)
 .debug_str     0x00000000000ae975      0x2ec Drivers/STM32F3xx_HAL_Driver/Src/stm32f3xx_hal_rcc.o
                                      0xabf1c (size before relaxing)
 .debug_str     0x00000000000aec61       0xd8 Drivers/STM32F3xx_HAL_Driver/Src/stm32f3xx_hal_rcc_ex.o
                                      0xabce0 (size before relaxing)
 .debug_str     0x00000000000aed39      0x571 Drivers/STM32F3xx_HAL_Driver/Src/stm32f3xx_hal_spi.o
                                      0xac3a3 (size before relaxing)
 .debug_str     0x00000000000af2aa      0x84a Drivers/STM32F3xx_HAL_Driver/Src/stm32f3xx_hal_uart.o
                                      0xac709 (size before relaxing)
 .debug_str     0x00000000000afaf4      0x19e Drivers/STM32F3xx_HAL_Driver/Src/stm32f3xx_hal_uart_ex.o
                                      0xabff2 (size before relaxing)
 .debug_str     0x00000000000afc92      0x1ef Drivers/STM32F3xx_HAL_Driver/Src/stm32f3xx_ll_usb.o
                                      0xabe40 (size before relaxing)
 .debug_str     0x00000000000afe81      0x1cb OS/os.o
                                      0xac0cf (size before relaxing)
 .debug_str     0x00000000000b004c        0xe OS/osasm.o
                                         0x58 (size before relaxing)

.comment        0x0000000000000000       0x7b
 .comment       0x0000000000000000       0x7b Core/Src/main.o
                                         0x7c (size before relaxing)
 .comment       0x000000000000007b       0x7c Core/Src/stm32f3xx_hal_msp.o
 .comment       0x000000000000007b       0x7c Core/Src/stm32f3xx_it.o
 .comment       0x000000000000007b       0x7c Core/Src/system_stm32f3xx.o
 .comment       0x000000000000007b       0x7c Drivers/STM32F3xx_HAL_Driver/Src/stm32f3xx_hal.o
 .comment       0x000000000000007b       0x7c Drivers/STM32F3xx_HAL_Driver/Src/stm32f3xx_hal_cortex.o
 .comment       0x000000000000007b       0x7c Drivers/STM32F3xx_HAL_Driver/Src/stm32f3xx_hal_dma.o
 .comment       0x000000000000007b       0x7c Drivers/STM32F3xx_HAL_Driver/Src/stm32f3xx_hal_gpio.o
 .comment       0x000000000000007b       0x7c Drivers/STM32F3xx_HAL_Driver/Src/stm32f3xx_hal_i2c.o
 .comment       0x000000000000007b       0x7c Drivers/STM32F3xx_HAL_Driver/Src/stm32f3xx_hal_i2c_ex.o
 .comment       0x000000000000007b       0x7c Drivers/STM32F3xx_HAL_Driver/Src/stm32f3xx_hal_pcd.o
 .comment       0x000000000000007b       0x7c Drivers/STM32F3xx_HAL_Driver/Src/stm32f3xx_hal_rcc.o
 .comment       0x000000000000007b       0x7c Drivers/STM32F3xx_HAL_Driver/Src/stm32f3xx_hal_rcc_ex.o
 .comment       0x000000000000007b       0x7c Drivers/STM32F3xx_HAL_Driver/Src/stm32f3xx_hal_spi.o
 .comment       0x000000000000007b       0x7c Drivers/STM32F3xx_HAL_Driver/Src/stm32f3xx_hal_uart.o
 .comment       0x000000000000007b       0x7c Drivers/STM32F3xx_HAL_Driver/Src/stm32f3xx_hal_uart_ex.o
 .comment       0x000000000000007b       0x7c Drivers/STM32F3xx_HAL_Driver/Src/stm32f3xx_ll_usb.o
 .comment       0x000000000000007b       0x7c OS/os.o

.debug_frame    0x0000000000000000     0x3ec8
 .debug_frame   0x0000000000000000      0x204 Core/Src/main.o
 .debug_frame   0x0000000000000204      0x154 Core/Src/stm32f3xx_hal_msp.o
 .debug_frame   0x0000000000000358      0x10c Core/Src/stm32f3xx_it.o
 .debug_frame   0x0000000000000464       0x58 Core/Src/system_stm32f3xx.o
 .debug_frame   0x00000000000004bc      0x334 Drivers/STM32F3xx_HAL_Driver/Src/stm32f3xx_hal.o
 .debug_frame   0x00000000000007f0      0x498 Drivers/STM32F3xx_HAL_Driver/Src/stm32f3xx_hal_cortex.o
 .debug_frame   0x0000000000000c88      0x224 Drivers/STM32F3xx_HAL_Driver/Src/stm32f3xx_hal_dma.o
 .debug_frame   0x0000000000000eac      0x14c Drivers/STM32F3xx_HAL_Driver/Src/stm32f3xx_hal_gpio.o
 .debug_frame   0x0000000000000ff8      0xbe8 Drivers/STM32F3xx_HAL_Driver/Src/stm32f3xx_hal_i2c.o
 .debug_frame   0x0000000000001be0      0x100 Drivers/STM32F3xx_HAL_Driver/Src/stm32f3xx_hal_i2c_ex.o
 .debug_frame   0x0000000000001ce0      0x578 Drivers/STM32F3xx_HAL_Driver/Src/stm32f3xx_hal_pcd.o
 .debug_frame   0x0000000000002258      0x214 Drivers/STM32F3xx_HAL_Driver/Src/stm32f3xx_hal_rcc.o
 .debug_frame   0x000000000000246c       0xb4 Drivers/STM32F3xx_HAL_Driver/Src/stm32f3xx_hal_rcc_ex.o
 .debug_frame   0x0000000000002520      0x860 Drivers/STM32F3xx_HAL_Driver/Src/stm32f3xx_hal_spi.o
 .debug_frame   0x0000000000002d80      0x9e0 Drivers/STM32F3xx_HAL_Driver/Src/stm32f3xx_hal_uart.o
 .debug_frame   0x0000000000003760      0x18c Drivers/STM32F3xx_HAL_Driver/Src/stm32f3xx_hal_uart_ex.o
 .debug_frame   0x00000000000038ec      0x310 Drivers/STM32F3xx_HAL_Driver/Src/stm32f3xx_ll_usb.o
 .debug_frame   0x0000000000003bfc      0x280 OS/os.o
 .debug_frame   0x0000000000003e7c       0x2c /opt/st/stm32cubeide_1.2.0/plugins/com.st.stm32cube.ide.mcu.externaltools.gnu-tools-for-stm32.7-2018-q2-update.linux64_1.0.0.201904181610/tools/bin/../lib/gcc/arm-none-eabi/7.3.1/../../../../arm-none-eabi/lib/thumb/v7e-m/fpv4-sp/hard/libc_nano.a(lib_a-init.o)
 .debug_frame   0x0000000000003ea8       0x20 /opt/st/stm32cubeide_1.2.0/plugins/com.st.stm32cube.ide.mcu.externaltools.gnu-tools-for-stm32.7-2018-q2-update.linux64_1.0.0.201904181610/tools/bin/../lib/gcc/arm-none-eabi/7.3.1/../../../../arm-none-eabi/lib/thumb/v7e-m/fpv4-sp/hard/libc_nano.a(lib_a-memset.o)
