main.c:57:6:TaskS	16	static
main.c:70:6:TaskT	8	static
main.c:92:6:TaskU	8	static
main.c:99:6:TaskV	8	static
main.c:111:6:TaskW	8	static
main.c:121:6:TaskX	8	static
main.c:131:6:TaskY	8	static
main.c:141:6:TaskZ	4	static
main.c:171:5:main	16	static
main.c:228:6:SystemClock_Config	128	static
main.c:278:13:MX_I2C1_Init	8	static
main.c:324:13:MX_SPI1_Init	8	static
main.c:364:13:MX_TIM16_Init	8	static
main.c:396:13:MX_USART2_UART_Init	8	static
main.c:431:13:MX_USB_PCD_Init	8	static
main.c:462:13:MX_GPIO_Init	48	static
main.c:513:6:Error_Handler	4	static
