main.c:56:6:Delay_ms	24	static,ignoring_inline_asm
main.c:63:6:TaskM	16	static
main.c:82:6:TaskN	8	static
main.c:103:6:TaskO	8	static
main.c:113:6:TaskP	8	static
main.c:123:6:TaskQ	8	static
main.c:133:6:TaskR	4	static
main.c:162:5:main	16	static
main.c:219:6:SystemClock_Config	128	static
main.c:268:13:MX_I2C1_Init	8	static
main.c:314:13:MX_SPI1_Init	8	static
main.c:354:13:MX_USART2_UART_Init	8	static
main.c:389:13:MX_USB_PCD_Init	8	static
main.c:420:13:MX_GPIO_Init	48	static
main.c:471:6:Error_Handler	4	static
