core_cm4.h:1816:22:__NVIC_SetPriority	16	static
core_cm4.h:2022:26:SysTick_Config	16	static
os.c:36:6:OS_Init	4	static,ignoring_inline_asm
os.c:41:6:SetInitialStack	16	static
os.c:65:5:OS_AddThreads	56	static
os.c:109:5:OS_AddPeriodicEventThread	16	static
os.c:115:13:runperiodicevents	4	static
os.c:126:6:OS_Launch	16	static
os.c:131:6:Scheduler	4	static
os.c:146:6:OS_Suspend	4	static
os.c:157:6:OS_Sleep	16	static
os.c:167:6:OS_InitSemaphore	16	static
os.c:177:6:OS_Wait	16	static,ignoring_inline_asm
os.c:198:6:OS_Signal	24	static,ignoring_inline_asm
os.c:231:6:OS_FIFO_Init	8	static
os.c:243:5:OS_FIFO_Put	16	static
os.c:264:10:OS_FIFO_Get	16	static
