core_cm4.h:1816:22:__NVIC_SetPriority	16	static
core_cm4.h:2022:26:SysTick_Config	16	static
os.c:50:6:OS_Init	4	static,ignoring_inline_asm
os.c:55:6:SetInitialStack	16	static
os.c:79:5:OS_AddThreads	56	static
os.c:123:5:OS_AddPeriodicEventThread	16	static
os.c:149:6:OS_Launch	16	static
os.c:154:6:Scheduler	4	static
os.c:168:6:OS_Suspend	4	static
os.c:179:6:OS_Sleep	16	static
os.c:189:6:HAL_TIM_PeriodElapsedCallback	24	static
os.c:219:6:OS_InitSemaphore	16	static
os.c:229:6:OS_Wait	16	static,ignoring_inline_asm
os.c:249:6:OS_Signal	24	static,ignoring_inline_asm
os.c:281:6:OS_FIFO_Init	8	static
os.c:293:5:OS_FIFO_Put	16	static
os.c:314:10:OS_FIFO_Get	16	static
